Archive member included to satisfy reference by file (symbol)

/Users/kieran/Documents/Cal Poly/2023 - Spring/CPE 316/proj2/digital multimeter/Drivers/CMSIS/DSP/Lib/GCC/libarm_cortexM4lf_math.a(arm_rfft_fast_init_f32.o)
                              ./Core/Src/main.o (arm_rfft_fast_init_f32)
/Users/kieran/Documents/Cal Poly/2023 - Spring/CPE 316/proj2/digital multimeter/Drivers/CMSIS/DSP/Lib/GCC/libarm_cortexM4lf_math.a(arm_rfft_fast_f32.o)
                              ./Core/Src/main.o (arm_rfft_fast_f32)
/Users/kieran/Documents/Cal Poly/2023 - Spring/CPE 316/proj2/digital multimeter/Drivers/CMSIS/DSP/Lib/GCC/libarm_cortexM4lf_math.a(arm_cfft_f32.o)
                              /Users/kieran/Documents/Cal Poly/2023 - Spring/CPE 316/proj2/digital multimeter/Drivers/CMSIS/DSP/Lib/GCC/libarm_cortexM4lf_math.a(arm_rfft_fast_f32.o) (arm_cfft_f32)
/Users/kieran/Documents/Cal Poly/2023 - Spring/CPE 316/proj2/digital multimeter/Drivers/CMSIS/DSP/Lib/GCC/libarm_cortexM4lf_math.a(arm_bitreversal2.o)
                              /Users/kieran/Documents/Cal Poly/2023 - Spring/CPE 316/proj2/digital multimeter/Drivers/CMSIS/DSP/Lib/GCC/libarm_cortexM4lf_math.a(arm_cfft_f32.o) (arm_bitreversal_32)
/Users/kieran/Documents/Cal Poly/2023 - Spring/CPE 316/proj2/digital multimeter/Drivers/CMSIS/DSP/Lib/GCC/libarm_cortexM4lf_math.a(arm_common_tables.o)
                              /Users/kieran/Documents/Cal Poly/2023 - Spring/CPE 316/proj2/digital multimeter/Drivers/CMSIS/DSP/Lib/GCC/libarm_cortexM4lf_math.a(arm_rfft_fast_init_f32.o) (twiddleCoef_rfft_4096)
/Users/kieran/Documents/Cal Poly/2023 - Spring/CPE 316/proj2/digital multimeter/Drivers/CMSIS/DSP/Lib/GCC/libarm_cortexM4lf_math.a(arm_cfft_radix8_f32.o)
                              /Users/kieran/Documents/Cal Poly/2023 - Spring/CPE 316/proj2/digital multimeter/Drivers/CMSIS/DSP/Lib/GCC/libarm_cortexM4lf_math.a(arm_cfft_f32.o) (arm_radix8_butterfly_f32)
/Applications/STM32CubeIDE.app/Contents/Eclipse/plugins/com.st.stm32cube.ide.mcu.externaltools.gnu-tools-for-stm32.10.3-2021.10.macos64_1.0.200.202301161003/tools/bin/../lib/gcc/arm-none-eabi/10.3.1/../../../../arm-none-eabi/lib/thumb/v7e-m+fp/hard/libc_nano.a(lib_a-errno.o)
                              ./Core/Src/syscalls.o (__errno)
/Applications/STM32CubeIDE.app/Contents/Eclipse/plugins/com.st.stm32cube.ide.mcu.externaltools.gnu-tools-for-stm32.10.3-2021.10.macos64_1.0.200.202301161003/tools/bin/../lib/gcc/arm-none-eabi/10.3.1/../../../../arm-none-eabi/lib/thumb/v7e-m+fp/hard/libc_nano.a(lib_a-exit.o)
                              /Applications/STM32CubeIDE.app/Contents/Eclipse/plugins/com.st.stm32cube.ide.mcu.externaltools.gnu-tools-for-stm32.10.3-2021.10.macos64_1.0.200.202301161003/tools/bin/../lib/gcc/arm-none-eabi/10.3.1/../../../../arm-none-eabi/lib/thumb/v7e-m+fp/hard/crt0.o (exit)
/Applications/STM32CubeIDE.app/Contents/Eclipse/plugins/com.st.stm32cube.ide.mcu.externaltools.gnu-tools-for-stm32.10.3-2021.10.macos64_1.0.200.202301161003/tools/bin/../lib/gcc/arm-none-eabi/10.3.1/../../../../arm-none-eabi/lib/thumb/v7e-m+fp/hard/libc_nano.a(lib_a-impure.o)
                              /Applications/STM32CubeIDE.app/Contents/Eclipse/plugins/com.st.stm32cube.ide.mcu.externaltools.gnu-tools-for-stm32.10.3-2021.10.macos64_1.0.200.202301161003/tools/bin/../lib/gcc/arm-none-eabi/10.3.1/../../../../arm-none-eabi/lib/thumb/v7e-m+fp/hard/libc_nano.a(lib_a-exit.o) (_global_impure_ptr)
/Applications/STM32CubeIDE.app/Contents/Eclipse/plugins/com.st.stm32cube.ide.mcu.externaltools.gnu-tools-for-stm32.10.3-2021.10.macos64_1.0.200.202301161003/tools/bin/../lib/gcc/arm-none-eabi/10.3.1/../../../../arm-none-eabi/lib/thumb/v7e-m+fp/hard/libc_nano.a(lib_a-init.o)
                              /Applications/STM32CubeIDE.app/Contents/Eclipse/plugins/com.st.stm32cube.ide.mcu.externaltools.gnu-tools-for-stm32.10.3-2021.10.macos64_1.0.200.202301161003/tools/bin/../lib/gcc/arm-none-eabi/10.3.1/../../../../arm-none-eabi/lib/thumb/v7e-m+fp/hard/crt0.o (__libc_init_array)
/Applications/STM32CubeIDE.app/Contents/Eclipse/plugins/com.st.stm32cube.ide.mcu.externaltools.gnu-tools-for-stm32.10.3-2021.10.macos64_1.0.200.202301161003/tools/bin/../lib/gcc/arm-none-eabi/10.3.1/../../../../arm-none-eabi/lib/thumb/v7e-m+fp/hard/libc_nano.a(lib_a-memset.o)
                              /Applications/STM32CubeIDE.app/Contents/Eclipse/plugins/com.st.stm32cube.ide.mcu.externaltools.gnu-tools-for-stm32.10.3-2021.10.macos64_1.0.200.202301161003/tools/bin/../lib/gcc/arm-none-eabi/10.3.1/../../../../arm-none-eabi/lib/thumb/v7e-m+fp/hard/crt0.o (memset)
/Applications/STM32CubeIDE.app/Contents/Eclipse/plugins/com.st.stm32cube.ide.mcu.externaltools.gnu-tools-for-stm32.10.3-2021.10.macos64_1.0.200.202301161003/tools/bin/../lib/gcc/arm-none-eabi/10.3.1/../../../../arm-none-eabi/lib/thumb/v7e-m+fp/hard/libm.a(lib_a-w_sqrt.o)
                              ./Core/Src/main.o (sqrt)
[...]
Memory Configuration

Name             Origin             Length             Attributes
RAM              0x0000000020000000 0x0000000000018000 xrw
RAM2             0x0000000010000000 0x0000000000008000 xrw
FLASH            0x0000000008000000 0x0000000000100000 xr
*default*        0x0000000000000000 0xffffffffffffffff

Linker script and memory map

LOAD /Applications/STM32CubeIDE.app/Contents/Eclipse/plugins/com.st.stm32cube.ide.mcu.externaltools.gnu-tools-for-stm32.10.3-2021.10.macos64_1.0.200.202301161003/tools/bin/../lib/gcc/arm-none-eabi/10.3.1/thumb/v7e-m+fp/hard/crti.o
LOAD /Applications/STM32CubeIDE.app/Contents/Eclipse/plugins/com.st.stm32cube.ide.mcu.externaltools.gnu-tools-for-stm32.10.3-2021.10.macos64_1.0.200.202301161003/tools/bin/../lib/gcc/arm-none-eabi/10.3.1/thumb/v7e-m+fp/hard/crtbegin.o
LOAD /Applications/STM32CubeIDE.app/Contents/Eclipse/plugins/com.st.stm32cube.ide.mcu.externaltools.gnu-tools-for-stm32.10.3-2021.10.macos64_1.0.200.202301161003/tools/bin/../lib/gcc/arm-none-eabi/10.3.1/../../../../arm-none-eabi/lib/thumb/v7e-m+fp/hard/crt0.o
LOAD ./Core/Src/adc.o
LOAD ./Core/Src/main.o
LOAD ./Core/Src/stm32l4xx_hal_msp.o
LOAD ./Core/Src/stm32l4xx_it.o
LOAD ./Core/Src/syscalls.o
LOAD ./Core/Src/sysmem.o
LOAD ./Core/Src/system_stm32l4xx.o
LOAD ./Core/Src/uart.o
LOAD ./Core/Startup/startup_stm32l476rgtx.o
LOAD ./Drivers/STM32L4xx_HAL_Driver/Src/stm32l4xx_hal.o
LOAD ./Drivers/STM32L4xx_HAL_Driver/Src/stm32l4xx_hal_cortex.o
LOAD ./Drivers/STM32L4xx_HAL_Driver/Src/stm32l4xx_hal_dma.o
LOAD ./Drivers/STM32L4xx_HAL_Driver/Src/stm32l4xx_hal_dma_ex.o
LOAD ./Drivers/STM32L4xx_HAL_Driver/Src/stm32l4xx_hal_exti.o
LOAD ./Drivers/STM32L4xx_HAL_Driver/Src/stm32l4xx_hal_flash.o
LOAD ./Drivers/STM32L4xx_HAL_Driver/Src/stm32l4xx_hal_flash_ex.o
LOAD ./Drivers/STM32L4xx_HAL_Driver/Src/stm32l4xx_hal_flash_ramfunc.o
LOAD ./Drivers/STM32L4xx_HAL_Driver/Src/stm32l4xx_hal_gpio.o
LOAD ./Drivers/STM32L4xx_HAL_Driver/Src/stm32l4xx_hal_pwr.o
LOAD ./Drivers/STM32L4xx_HAL_Driver/Src/stm32l4xx_hal_pwr_ex.o
LOAD ./Drivers/STM32L4xx_HAL_Driver/Src/stm32l4xx_hal_rcc.o
LOAD ./Drivers/STM32L4xx_HAL_Driver/Src/stm32l4xx_hal_rcc_ex.o
LOAD /Users/kieran/Documents/Cal Poly/2023 - Spring/CPE 316/proj2/digital multimeter/Drivers/CMSIS/DSP/Lib/GCC/libarm_cortexM4lf_math.a
START GROUP
LOAD /Applications/STM32CubeIDE.app/Contents/Eclipse/plugins/com.st.stm32cube.ide.mcu.externaltools.gnu-tools-for-stm32.10.3-2021.10.macos64_1.0.200.202301161003/tools/bin/../lib/gcc/arm-none-eabi/10.3.1/../../../../arm-none-eabi/lib/thumb/v7e-m+fp/hard/libc_nano.a
LOAD /Applications/STM32CubeIDE.app/Contents/Eclipse/plugins/com.st.stm32cube.ide.mcu.externaltools.gnu-tools-for-stm32.10.3-2021.10.macos64_1.0.200.202301161003/tools/bin/../lib/gcc/arm-none-eabi/10.3.1/../../../../arm-none-eabi/lib/thumb/v7e-m+fp/hard/libm.a
END GROUP
START GROUP
LOAD /Applications/STM32CubeIDE.app/Contents/Eclipse/plugins/com.st.stm32cube.ide.mcu.externaltools.gnu-tools-for-stm32.10.3-2021.10.macos64_1.0.200.202301161003/tools/bin/../lib/gcc/arm-none-eabi/10.3.1/thumb/v7e-m+fp/hard/libgcc.a
LOAD /Applications/STM32CubeIDE.app/Contents/Eclipse/plugins/com.st.stm32cube.ide.mcu.externaltools.gnu-tools-for-stm32.10.3-2021.10.macos64_1.0.200.202301161003/tools/bin/../lib/gcc/arm-none-eabi/10.3.1/../../../../arm-none-eabi/lib/thumb/v7e-m+fp/hard/libc_nano.a
END GROUP
START GROUP
LOAD /Applications/STM32CubeIDE.app/Contents/Eclipse/plugins/com.st.stm32cube.ide.mcu.externaltools.gnu-tools-for-stm32.10.3-2021.10.macos64_1.0.200.202301161003/tools/bin/../lib/gcc/arm-none-eabi/10.3.1/thumb/v7e-m+fp/hard/libgcc.a
LOAD /Applications/STM32CubeIDE.app/Contents/Eclipse/plugins/com.st.stm32cube.ide.mcu.externaltools.gnu-tools-for-stm32.10.3-2021.10.macos64_1.0.200.202301161003/tools/bin/../lib/gcc/arm-none-eabi/10.3.1/../../../../arm-none-eabi/lib/thumb/v7e-m+fp/hard/libc_nano.a
LOAD /Applications/STM32CubeIDE.app/Contents/Eclipse/plugins/com.st.stm32cube.ide.mcu.externaltools.gnu-tools-for-stm32.10.3-2021.10.macos64_1.0.200.202301161003/tools/bin/../lib/gcc/arm-none-eabi/10.3.1/../../../../arm-none-eabi/lib/thumb/v7e-m+fp/hard/libnosys.a
END GROUP
START GROUP
LOAD /Applications/STM32CubeIDE.app/Contents/Eclipse/plugins/com.st.stm32cube.ide.mcu.externaltools.gnu-tools-for-stm32.10.3-2021.10.macos64_1.0.200.202301161003/tools/bin/../lib/gcc/arm-none-eabi/10.3.1/thumb/v7e-m+fp/hard/libgcc.a
LOAD /Applications/STM32CubeIDE.app/Contents/Eclipse/plugins/com.st.stm32cube.ide.mcu.externaltools.gnu-tools-for-stm32.10.3-2021.10.macos64_1.0.200.202301161003/tools/bin/../lib/gcc/arm-none-eabi/10.3.1/../../../../arm-none-eabi/lib/thumb/v7e-m+fp/hard/libc_nano.a
LOAD /Applications/STM32CubeIDE.app/Contents/Eclipse/plugins/com.st.stm32cube.ide.mcu.externaltools.gnu-tools-for-stm32.10.3-2021.10.macos64_1.0.200.202301161003/tools/bin/../lib/gcc/arm-none-eabi/10.3.1/../../../../arm-none-eabi/lib/thumb/v7e-m+fp/hard/libnosys.a
END GROUP
LOAD /Applications/STM32CubeIDE.app/Contents/Eclipse/plugins/com.st.stm32cube.ide.mcu.externaltools.gnu-tools-for-stm32.10.3-2021.10.macos64_1.0.200.202301161003/tools/bin/../lib/gcc/arm-none-eabi/10.3.1/thumb/v7e-m+fp/hard/crtend.o
LOAD /Applications/STM32CubeIDE.app/Contents/Eclipse/plugins/com.st.stm32cube.ide.mcu.externaltools.gnu-tools-for-stm32.10.3-2021.10.macos64_1.0.200.202301161003/tools/bin/../lib/gcc/arm-none-eabi/10.3.1/thumb/v7e-m+fp/hard/crtn.o
                0x0000000020018000                _estack = (ORIGIN (RAM) + LENGTH (RAM))
                0x0000000000000200                _Min_Heap_Size = 0x200
                0x0000000000000400                _Min_Stack_Size = 0x400

.isr_vector     0x0000000008000000      0x188
                0x0000000008000000                . = ALIGN (0x4)
 *(.isr_vector)
 .isr_vector    0x0000000008000000      0x188 ./Core/Startup/startup_stm32l476rgtx.o
                0x0000000008000000                g_pfnVectors
                0x0000000008000188                . = ALIGN (0x4)

.text           0x0000000008000188     0x3d40
                0x0000000008000188                . = ALIGN (0x4)
 *(.text)
 .text          0x0000000008000188       0x40 /Applications/STM32CubeIDE.app/Contents/Eclipse/plugins/com.st.stm32cube.ide.mcu.externaltools.gnu-tools-for-stm32.10.3-2021.10.macos64_1.0.200.202301161003/tools/bin/../lib/gcc/arm-none-eabi/10.3.1/thumb/v7e-m+fp/hard/crtbegin.o
 .text          0x00000000080001c8      0x378 /Applications/STM32CubeIDE.app/Contents/Eclipse/plugins/com.st.stm32cube.ide.mcu.externaltools.gnu-tools-for-stm32.10.3-2021.10.macos64_1.0.200.202301161003/tools/bin/../lib/gcc/arm-none-eabi/10.3.1/thumb/v7e-m+fp/hard/libgcc.a(_arm_addsubdf3.o)
                0x00000000080001c8                __aeabi_drsub
                0x00000000080001d0                __subdf3
                0x00000000080001d0                __aeabi_dsub
                0x00000000080001d4                __aeabi_dadd
                0x00000000080001d4                __adddf3
                0x000000000800044c                __aeabi_ui2d
                0x000000000800044c                __floatunsidf
                0x000000000800046c                __floatsidf
                0x000000000800046c                __aeabi_i2d
                0x0000000008000490                __extendsfdf2
                0x0000000008000490                __aeabi_f2d
                0x00000000080004d4                __aeabi_ul2d
                0x00000000080004d4                __floatundidf
                0x00000000080004e4                __aeabi_l2d
                0x00000000080004e4                __floatdidf
 .text          0x0000000008000540      0x424 /Applications/STM32CubeIDE.app/Contents/Eclipse/plugins/com.st.stm32cube.ide.mcu.externaltools.gnu-tools-for-stm32.10.3-2021.10.macos64_1.0.200.202301161003/tools/bin/../lib/gcc/arm-none-eabi/10.3.1/thumb/v7e-m+fp/hard/libgcc.a(_arm_muldivdf3.o)
                0x0000000008000540                __aeabi_dmul
                0x0000000008000540                __muldf3
                0x0000000008000794                __aeabi_ddiv
                0x0000000008000794                __divdf3
 .text          0x0000000008000964      0x110 /Applications/STM32CubeIDE.app/Contents/Eclipse/plugins/com.st.stm32cube.ide.mcu.externaltools.gnu-tools-for-stm32.10.3-2021.10.macos64_1.0.200.202301161003/tools/bin/../lib/gcc/arm-none-eabi/10.3.1/thumb/v7e-m+fp/hard/libgcc.a(_arm_cmpdf2.o)
                0x0000000008000964                __gedf2
                0x0000000008000964                __gtdf2
                0x000000000800096c                __ledf2
                0x000000000800096c                __ltdf2
                0x0000000008000974                __cmpdf2
                0x0000000008000974                __eqdf2
                0x0000000008000974                __nedf2
                0x00000000080009f0                __aeabi_cdrcmple
                0x0000000008000a00                __aeabi_cdcmple
                0x0000000008000a00                __aeabi_cdcmpeq
                0x0000000008000a10                __aeabi_dcmpeq
                0x0000000008000a24                __aeabi_dcmplt
                0x0000000008000a38                __aeabi_dcmple
                0x0000000008000a4c                __aeabi_dcmpge
                0x0000000008000a60                __aeabi_dcmpgt
 .text          0x0000000008000a74       0x2c /Applications/STM32CubeIDE.app/Contents/Eclipse/plugins/com.st.stm32cube.ide.mcu.externaltools.gnu-tools-for-stm32.10.3-2021.10.macos64_1.0.200.202301161003/tools/bin/../lib/gcc/arm-none-eabi/10.3.1/thumb/v7e-m+fp/hard/libgcc.a(_arm_unorddf2.o)
                0x0000000008000a74                __aeabi_dcmpun
                0x0000000008000a74                __unorddf2
 .text          0x0000000008000aa0       0x40 /Applications/STM32CubeIDE.app/Contents/Eclipse/plugins/com.st.stm32cube.ide.mcu.externaltools.gnu-tools-for-stm32.10.3-2021.10.macos64_1.0.200.202301161003/tools/bin/../lib/gcc/arm-none-eabi/10.3.1/thumb/v7e-m+fp/hard/libgcc.a(_arm_fixunsdfsi.o)
                0x0000000008000aa0                __fixunsdfsi
                0x0000000008000aa0                __aeabi_d2uiz
 .text          0x0000000008000ae0       0xa0 /Applications/STM32CubeIDE.app/Contents/Eclipse/plugins/com.st.stm32cube.ide.mcu.externaltools.gnu-tools-for-stm32.10.3-2021.10.macos64_1.0.200.202301161003/tools/bin/../lib/gcc/arm-none-eabi/10.3.1/thumb/v7e-m+fp/hard/libgcc.a(_aeabi_ldivmod.o)
                0x0000000008000ae0                __aeabi_ldivmod
 .text          0x0000000008000b80       0x40 /Applications/STM32CubeIDE.app/Contents/Eclipse/plugins/com.st.stm32cube.ide.mcu.externaltools.gnu-tools-for-stm32.10.3-2021.10.macos64_1.0.200.202301161003/tools/bin/../lib/gcc/arm-none-eabi/10.3.1/thumb/v7e-m+fp/hard/libgcc.a(_fixunssfdi.o)
                0x0000000008000b80                __aeabi_f2ulz
                0x0000000008000b80                __fixunssfdi
 .text          0x0000000008000bc0      0x2d0 /Applications/STM32CubeIDE.app/Contents/Eclipse/plugins/com.st.stm32cube.ide.mcu.externaltools.gnu-tools-for-stm32.10.3-2021.10.macos64_1.0.200.202301161003/tools/bin/../lib/gcc/arm-none-eabi/10.3.1/thumb/v7e-m+fp/hard/libgcc.a(_udivmoddi4.o)
                0x0000000008000bc0                __udivmoddi4
 .text          0x0000000008000e90        0x4 /Applications/STM32CubeIDE.app/Contents/Eclipse/plugins/com.st.stm32cube.ide.mcu.externaltools.gnu-tools-for-stm32.10.3-2021.10.macos64_1.0.200.202301161003/tools/bin/../lib/gcc/arm-none-eabi/10.3.1/thumb/v7e-m+fp/hard/libgcc.a(_dvmd_tls.o)
                0x0000000008000e90                __aeabi_ldiv0
                0x0000000008000e90                __aeabi_idiv0
 *(.text*)
 .text.ADC_init
                0x0000000008000e94      0x14c ./Core/Src/adc.o
                0x0000000008000e94                ADC_init
 .text.ADC_volt_conv
                0x0000000008000fe0      0x184 ./Core/Src/adc.o
                0x0000000008000fe0                ADC_volt_conv
 .text.main     0x0000000008001164      0x40c ./Core/Src/main.o
                0x0000000008001164                main
 .text.ADC1_2_IRQHandler
                0x0000000008001570      0x20c ./Core/Src/main.o
                0x0000000008001570                ADC1_2_IRQHandler
 .text.TIM2_IRQHandler
                0x000000000800177c       0x3c ./Core/Src/main.o
                0x000000000800177c                TIM2_IRQHandler
 .text.USART2_IRQHandler
                0x00000000080017b8       0x58 ./Core/Src/main.o
                0x00000000080017b8                USART2_IRQHandler
 .text.print_graph
                0x0000000008001810       0x7c ./Core/Src/main.o
                0x0000000008001810                print_graph
 .text.print_voltage
                0x000000000800188c       0x4e ./Core/Src/main.o
                0x000000000800188c                print_voltage
 .text.SystemClock_Config
                0x00000000080018da       0x8c ./Core/Src/main.o
                0x00000000080018da                SystemClock_Config
 .text.Error_Handler
                0x0000000008001966        0xa ./Core/Src/main.o
                0x0000000008001966                Error_Handler
 .text.HAL_MspInit
                0x0000000008001970       0x48 ./Core/Src/stm32l4xx_hal_msp.o
                0x0000000008001970                HAL_MspInit
 .text.NMI_Handler
                0x00000000080019b8        0x6 ./Core/Src/stm32l4xx_it.o
                0x00000000080019b8                NMI_Handler
 .text.HardFault_Handler
                0x00000000080019be        0x6 ./Core/Src/stm32l4xx_it.o
                0x00000000080019be                HardFault_Handler
 .text.MemManage_Handler
                0x00000000080019c4        0x6 ./Core/Src/stm32l4xx_it.o
                0x00000000080019c4                MemManage_Handler
 .text.BusFault_Handler
                0x00000000080019ca        0x6 ./Core/Src/stm32l4xx_it.o
                0x00000000080019ca                BusFault_Handler
 .text.UsageFault_Handler
                0x00000000080019d0        0x6 ./Core/Src/stm32l4xx_it.o
                0x00000000080019d0                UsageFault_Handler
 .text.SVC_Handler
                0x00000000080019d6        0xe ./Core/Src/stm32l4xx_it.o
                0x00000000080019d6                SVC_Handler
 .text.DebugMon_Handler
                0x00000000080019e4        0xe ./Core/Src/stm32l4xx_it.o
                0x00000000080019e4                DebugMon_Handler
 .text.PendSV_Handler
                0x00000000080019f2        0xe ./Core/Src/stm32l4xx_it.o
                0x00000000080019f2                PendSV_Handler
 .text.SysTick_Handler
                0x0000000008001a00        0xc ./Core/Src/stm32l4xx_it.o
                0x0000000008001a00                SysTick_Handler
 .text.SystemInit
                0x0000000008001a0c       0x24 ./Core/Src/system_stm32l4xx.o
                0x0000000008001a0c                SystemInit
 .text.UART_init
                0x0000000008001a30       0xf0 ./Core/Src/uart.o
                0x0000000008001a30                UART_init
 .text.UART_print_string
                0x0000000008001b20       0x64 ./Core/Src/uart.o
                0x0000000008001b20                UART_print_string
 .text.UART_print_char
                0x0000000008001b84       0x54 ./Core/Src/uart.o
                0x0000000008001b84                UART_print_char
 .text.UART_ESC_code
                0x0000000008001bd8       0x22 ./Core/Src/uart.o
                0x0000000008001bd8                UART_ESC_code
 *fill*         0x0000000008001bfa        0x2 
 .text.uint16_to_string
                0x0000000008001bfc       0xa0 ./Core/Src/uart.o
                0x0000000008001bfc                uint16_to_string
 .text.Reset_Handler
                0x0000000008001c9c       0x50 ./Core/Startup/startup_stm32l476rgtx.o
                0x0000000008001c9c                Reset_Handler
 .text.Default_Handler
                0x0000000008001cec        0x2 ./Core/Startup/startup_stm32l476rgtx.o
                0x0000000008001cec                TIM1_BRK_TIM15_IRQHandler
                0x0000000008001cec                EXTI2_IRQHandler
                0x0000000008001cec                TIM8_TRG_COM_IRQHandler
                0x0000000008001cec                TIM8_CC_IRQHandler
                0x0000000008001cec                TIM1_CC_IRQHandler
                0x0000000008001cec                TSC_IRQHandler
                0x0000000008001cec                TAMP_STAMP_IRQHandler
                0x0000000008001cec                EXTI3_IRQHandler
                0x0000000008001cec                LPTIM2_IRQHandler
                0x0000000008001cec                DFSDM1_FLT1_IRQHandler
                0x0000000008001cec                I2C3_ER_IRQHandler
                0x0000000008001cec                DFSDM1_FLT2_IRQHandler
                0x0000000008001cec                EXTI0_IRQHandler
                0x0000000008001cec                I2C2_EV_IRQHandler
                0x0000000008001cec                CAN1_RX0_IRQHandler
                0x0000000008001cec                FPU_IRQHandler
                0x0000000008001cec                TIM1_UP_TIM16_IRQHandler
                0x0000000008001cec                SPI1_IRQHandler
                0x0000000008001cec                TIM6_DAC_IRQHandler
                0x0000000008001cec                TIM8_UP_IRQHandler
                0x0000000008001cec                DMA2_Channel2_IRQHandler
                0x0000000008001cec                DMA1_Channel4_IRQHandler
                0x0000000008001cec                SAI2_IRQHandler
                0x0000000008001cec                DFSDM1_FLT3_IRQHandler
                0x0000000008001cec                USART3_IRQHandler
                0x0000000008001cec                DMA1_Channel7_IRQHandler
                0x0000000008001cec                CAN1_RX1_IRQHandler
                0x0000000008001cec                LCD_IRQHandler
                0x0000000008001cec                UART5_IRQHandler
                0x0000000008001cec                ADC3_IRQHandler
                0x0000000008001cec                TIM4_IRQHandler
                0x0000000008001cec                DMA2_Channel1_IRQHandler
                0x0000000008001cec                QUADSPI_IRQHandler
                0x0000000008001cec                I2C1_EV_IRQHandler
                0x0000000008001cec                DMA1_Channel6_IRQHandler
                0x0000000008001cec                UART4_IRQHandler
                0x0000000008001cec                DMA2_Channel4_IRQHandler
                0x0000000008001cec                TIM3_IRQHandler
                0x0000000008001cec                RCC_IRQHandler
                0x0000000008001cec                DMA1_Channel1_IRQHandler
                0x0000000008001cec                Default_Handler
                0x0000000008001cec                DMA2_Channel7_IRQHandler
                0x0000000008001cec                EXTI15_10_IRQHandler
                0x0000000008001cec                TIM7_IRQHandler
                0x0000000008001cec                SDMMC1_IRQHandler
                0x0000000008001cec                TIM5_IRQHandler
                0x0000000008001cec                I2C3_EV_IRQHandler
                0x0000000008001cec                EXTI9_5_IRQHandler
                0x0000000008001cec                RTC_WKUP_IRQHandler
                0x0000000008001cec                PVD_PVM_IRQHandler
                0x0000000008001cec                SPI2_IRQHandler
                0x0000000008001cec                CAN1_TX_IRQHandler
                0x0000000008001cec                DMA2_Channel5_IRQHandler
                0x0000000008001cec                DMA1_Channel5_IRQHandler
                0x0000000008001cec                EXTI4_IRQHandler
                0x0000000008001cec                RNG_IRQHandler
                0x0000000008001cec                TIM1_TRG_COM_TIM17_IRQHandler
                0x0000000008001cec                DMA1_Channel3_IRQHandler
                0x0000000008001cec                COMP_IRQHandler
                0x0000000008001cec                WWDG_IRQHandler
                0x0000000008001cec                LPUART1_IRQHandler
                0x0000000008001cec                DMA2_Channel6_IRQHandler
                0x0000000008001cec                EXTI1_IRQHandler
                0x0000000008001cec                DFSDM1_FLT0_IRQHandler
                0x0000000008001cec                I2C2_ER_IRQHandler
                0x0000000008001cec                DMA1_Channel2_IRQHandler
                0x0000000008001cec                TIM8_BRK_IRQHandler
                0x0000000008001cec                CAN1_SCE_IRQHandler
                0x0000000008001cec                FLASH_IRQHandler
                0x0000000008001cec                USART1_IRQHandler
                0x0000000008001cec                OTG_FS_IRQHandler
                0x0000000008001cec                SPI3_IRQHandler
                0x0000000008001cec                I2C1_ER_IRQHandler
                0x0000000008001cec                FMC_IRQHandler
                0x0000000008001cec                SWPMI1_IRQHandler
                0x0000000008001cec                LPTIM1_IRQHandler
                0x0000000008001cec                SAI1_IRQHandler
                0x0000000008001cec                DMA2_Channel3_IRQHandler
                0x0000000008001cec                RTC_Alarm_IRQHandler
 .text.HAL_Init
                0x0000000008001cee       0x30 ./Drivers/STM32L4xx_HAL_Driver/Src/stm32l4xx_hal.o
                0x0000000008001cee                HAL_Init
 *fill*         0x0000000008001d1e        0x2 
 .text.HAL_InitTick
                0x0000000008001d20       0x78 ./Drivers/STM32L4xx_HAL_Driver/Src/stm32l4xx_hal.o
                0x0000000008001d20                HAL_InitTick
 .text.HAL_IncTick
                0x0000000008001d98       0x28 ./Drivers/STM32L4xx_HAL_Driver/Src/stm32l4xx_hal.o
                0x0000000008001d98                HAL_IncTick
 .text.HAL_GetTick
                0x0000000008001dc0       0x18 ./Drivers/STM32L4xx_HAL_Driver/Src/stm32l4xx_hal.o
                0x0000000008001dc0                HAL_GetTick
 .text.__NVIC_SetPriorityGrouping
                0x0000000008001dd8       0x48 ./Drivers/STM32L4xx_HAL_Driver/Src/stm32l4xx_hal_cortex.o
 .text.__NVIC_GetPriorityGrouping
                0x0000000008001e20       0x1c ./Drivers/STM32L4xx_HAL_Driver/Src/stm32l4xx_hal_cortex.o
 .text.__NVIC_SetPriority
                0x0000000008001e3c       0x54 ./Drivers/STM32L4xx_HAL_Driver/Src/stm32l4xx_hal_cortex.o
 .text.NVIC_EncodePriority
                0x0000000008001e90       0x66 ./Drivers/STM32L4xx_HAL_Driver/Src/stm32l4xx_hal_cortex.o
 *fill*         0x0000000008001ef6        0x2 
 .text.SysTick_Config
                0x0000000008001ef8       0x44 ./Drivers/STM32L4xx_HAL_Driver/Src/stm32l4xx_hal_cortex.o
 .text.HAL_NVIC_SetPriorityGrouping
                0x0000000008001f3c       0x16 ./Drivers/STM32L4xx_HAL_Driver/Src/stm32l4xx_hal_cortex.o
                0x0000000008001f3c                HAL_NVIC_SetPriorityGrouping
 .text.HAL_NVIC_SetPriority
                0x0000000008001f52       0x38 ./Drivers/STM32L4xx_HAL_Driver/Src/stm32l4xx_hal_cortex.o
                0x0000000008001f52                HAL_NVIC_SetPriority
 .text.HAL_SYSTICK_Config
                0x0000000008001f8a       0x18 ./Drivers/STM32L4xx_HAL_Driver/Src/stm32l4xx_hal_cortex.o
                0x0000000008001f8a                HAL_SYSTICK_Config
 *fill*         0x0000000008001fa2        0x2 
 .text.HAL_PWREx_GetVoltageRange
                0x0000000008001fa4       0x1c ./Drivers/STM32L4xx_HAL_Driver/Src/stm32l4xx_hal_pwr_ex.o
                0x0000000008001fa4                HAL_PWREx_GetVoltageRange
 .text.HAL_PWREx_ControlVoltageScaling
                0x0000000008001fc0       0xac ./Drivers/STM32L4xx_HAL_Driver/Src/stm32l4xx_hal_pwr_ex.o
                0x0000000008001fc0                HAL_PWREx_ControlVoltageScaling
 .text.HAL_RCC_OscConfig
                0x000000000800206c      0x7b8 ./Drivers/STM32L4xx_HAL_Driver/Src/stm32l4xx_hal_rcc.o
                0x000000000800206c                HAL_RCC_OscConfig
 .text.HAL_RCC_ClockConfig
                0x0000000008002824      0x200 ./Drivers/STM32L4xx_HAL_Driver/Src/stm32l4xx_hal_rcc.o
                0x0000000008002824                HAL_RCC_ClockConfig
 .text.HAL_RCC_GetSysClockFreq
                0x0000000008002a24      0x118 ./Drivers/STM32L4xx_HAL_Driver/Src/stm32l4xx_hal_rcc.o
                0x0000000008002a24                HAL_RCC_GetSysClockFreq
 .text.RCC_SetFlashLatencyFromMSIRange
                0x0000000008002b3c       0xc0 ./Drivers/STM32L4xx_HAL_Driver/Src/stm32l4xx_hal_rcc.o
 .text.arm_rfft_32_fast_init_f32
                0x0000000008002bfc       0x34 /Users/kieran/Documents/Cal Poly/2023 - Spring/CPE 316/proj2/digital multimeter/Drivers/CMSIS/DSP/Lib/GCC/libarm_cortexM4lf_math.a(arm_rfft_fast_init_f32.o)
                0x0000000008002bfc                arm_rfft_32_fast_init_f32
 .text.arm_rfft_64_fast_init_f32
                0x0000000008002c30       0x34 /Users/kieran/Documents/Cal Poly/2023 - Spring/CPE 316/proj2/digital multimeter/Drivers/CMSIS/DSP/Lib/GCC/libarm_cortexM4lf_math.a(arm_rfft_fast_init_f32.o)
                0x0000000008002c30                arm_rfft_64_fast_init_f32
 .text.arm_rfft_256_fast_init_f32
                0x0000000008002c64       0x38 /Users/kieran/Documents/Cal Poly/2023 - Spring/CPE 316/proj2/digital multimeter/Drivers/CMSIS/DSP/Lib/GCC/libarm_cortexM4lf_math.a(arm_rfft_fast_init_f32.o)
                0x0000000008002c64                arm_rfft_256_fast_init_f32
 .text.arm_rfft_512_fast_init_f32
                0x0000000008002c9c       0x3c /Users/kieran/Documents/Cal Poly/2023 - Spring/CPE 316/proj2/digital multimeter/Drivers/CMSIS/DSP/Lib/GCC/libarm_cortexM4lf_math.a(arm_rfft_fast_init_f32.o)
                0x0000000008002c9c                arm_rfft_512_fast_init_f32
 .text.arm_rfft_1024_fast_init_f32
                0x0000000008002cd8       0x3c /Users/kieran/Documents/Cal Poly/2023 - Spring/CPE 316/proj2/digital multimeter/Drivers/CMSIS/DSP/Lib/GCC/libarm_cortexM4lf_math.a(arm_rfft_fast_init_f32.o)
                0x0000000008002cd8                arm_rfft_1024_fast_init_f32
 .text.arm_rfft_2048_fast_init_f32
                0x0000000008002d14       0x3c /Users/kieran/Documents/Cal Poly/2023 - Spring/CPE 316/proj2/digital multimeter/Drivers/CMSIS/DSP/Lib/GCC/libarm_cortexM4lf_math.a(arm_rfft_fast_init_f32.o)
                0x0000000008002d14                arm_rfft_2048_fast_init_f32
 .text.arm_rfft_4096_fast_init_f32
                0x0000000008002d50       0x3c /Users/kieran/Documents/Cal Poly/2023 - Spring/CPE 316/proj2/digital multimeter/Drivers/CMSIS/DSP/Lib/GCC/libarm_cortexM4lf_math.a(arm_rfft_fast_init_f32.o)
                0x0000000008002d50                arm_rfft_4096_fast_init_f32
 .text.arm_rfft_fast_init_f32
                0x0000000008002d8c       0x68 /Users/kieran/Documents/Cal Poly/2023 - Spring/CPE 316/proj2/digital multimeter/Drivers/CMSIS/DSP/Lib/GCC/libarm_cortexM4lf_math.a(arm_rfft_fast_init_f32.o)
                0x0000000008002d8c                arm_rfft_fast_init_f32
 .text.stage_rfft_f32
                0x0000000008002df4       0xb4 /Users/kieran/Documents/Cal Poly/2023 - Spring/CPE 316/proj2/digital multimeter/Drivers/CMSIS/DSP/Lib/GCC/libarm_cortexM4lf_math.a(arm_rfft_fast_f32.o)
                0x0000000008002df4                stage_rfft_f32
 .text.merge_rfft_f32
                0x0000000008002ea8       0xac /Users/kieran/Documents/Cal Poly/2023 - Spring/CPE 316/proj2/digital multimeter/Drivers/CMSIS/DSP/Lib/GCC/libarm_cortexM4lf_math.a(arm_rfft_fast_f32.o)
                0x0000000008002ea8                merge_rfft_f32
 .text.arm_rfft_fast_f32
                0x0000000008002f54       0x40 /Users/kieran/Documents/Cal Poly/2023 - Spring/CPE 316/proj2/digital multimeter/Drivers/CMSIS/DSP/Lib/GCC/libarm_cortexM4lf_math.a(arm_rfft_fast_f32.o)
                0x0000000008002f54                arm_rfft_fast_f32
 .text.arm_cfft_radix8by2_f32
                0x0000000008002f94      0x1a0 /Users/kieran/Documents/Cal Poly/2023 - Spring/CPE 316/proj2/digital multimeter/Drivers/CMSIS/DSP/Lib/GCC/libarm_cortexM4lf_math.a(arm_cfft_f32.o)
                0x0000000008002f94                arm_cfft_radix8by2_f32
 .text.arm_cfft_radix8by4_f32
                0x0000000008003134      0x4ac /Users/kieran/Documents/Cal Poly/2023 - Spring/CPE 316/proj2/digital multimeter/Drivers/CMSIS/DSP/Lib/GCC/libarm_cortexM4lf_math.a(arm_cfft_f32.o)
                0x0000000008003134                arm_cfft_radix8by4_f32
 .text.arm_cfft_f32
                0x00000000080035e0       0xf0 /Users/kieran/Documents/Cal Poly/2023 - Spring/CPE 316/proj2/digital multimeter/Drivers/CMSIS/DSP/Lib/GCC/libarm_cortexM4lf_math.a(arm_cfft_f32.o)
                0x00000000080035e0                arm_cfft_f32
 .text.arm_bitreversal_32
                0x00000000080036d0       0x40 /Users/kieran/Documents/Cal Poly/2023 - Spring/CPE 316/proj2/digital multimeter/Drivers/CMSIS/DSP/Lib/GCC/libarm_cortexM4lf_math.a(arm_bitreversal2.o)
                0x00000000080036d0                arm_bitreversal_32
 .text.arm_radix8_butterfly_f32
                0x0000000008003710      0x580 /Users/kieran/Documents/Cal Poly/2023 - Spring/CPE 316/proj2/digital multimeter/Drivers/CMSIS/DSP/Lib/GCC/libarm_cortexM4lf_math.a(arm_cfft_radix8_f32.o)
                0x0000000008003710                arm_radix8_butterfly_f32
 .text.__errno  0x0000000008003c90        0xc /Applications/STM32CubeIDE.app/Contents/Eclipse/plugins/com.st.stm32cube.ide.mcu.externaltools.gnu-tools-for-stm32.10.3-2021.10.macos64_1.0.200.202301161003/tools/bin/../lib/gcc/arm-none-eabi/10.3.1/../../../../arm-none-eabi/lib/thumb/v7e-m+fp/hard/libc_nano.a(lib_a-errno.o)
                0x0000000008003c90                __errno
 .text.__libc_init_array
                0x0000000008003c9c       0x48 /Applications/STM32CubeIDE.app/Contents/Eclipse/plugins/com.st.stm32cube.ide.mcu.externaltools.gnu-tools-for-stm32.10.3-2021.10.macos64_1.0.200.202301161003/tools/bin/../lib/gcc/arm-none-eabi/10.3.1/../../../../arm-none-eabi/lib/thumb/v7e-m+fp/hard/libc_nano.a(lib_a-init.o)
                0x0000000008003c9c                __libc_init_array
 .text.memset   0x0000000008003ce4       0x10 /Applications/STM32CubeIDE.app/Contents/Eclipse/plugins/com.st.stm32cube.ide.mcu.externaltools.gnu-tools-for-stm32.10.3-2021.10.macos64_1.0.200.202301161003/tools/bin/../lib/gcc/arm-none-eabi/10.3.1/../../../../arm-none-eabi/lib/thumb/v7e-m+fp/hard/libc_nano.a(lib_a-memset.o)
                0x0000000008003ce4                memset
 .text.sqrt     0x0000000008003cf4       0x58 /Applications/STM32CubeIDE.app/Contents/Eclipse/plugins/com.st.stm32cube.ide.mcu.externaltools.gnu-tools-for-stm32.10.3-2021.10.macos64_1.0.200.202301161003/tools/bin/../lib/gcc/arm-none-eabi/10.3.1/../../../../arm-none-eabi/lib/thumb/v7e-m+fp/hard/libm.a(lib_a-w_sqrt.o)
                0x0000000008003cf4                sqrt
 .text.__ieee754_sqrt
                0x0000000008003d4c      0x164 /Applications/STM32CubeIDE.app/Contents/Eclipse/plugins/com.st.stm32cube.ide.mcu.externaltools.gnu-tools-for-stm32.10.3-2021.10.macos64_1.0.200.202301161003/tools/bin/../lib/gcc/arm-none-eabi/10.3.1/../../../../arm-none-eabi/lib/thumb/v7e-m+fp/hard/libm.a(lib_a-e_sqrt.o)
                0x0000000008003d4c                __ieee754_sqrt
 *(.glue_7)
 .glue_7        0x0000000008003eb0        0x0 linker stubs
 *(.glue_7t)
 .glue_7t       0x0000000008003eb0        0x0 linker stubs
 *(.eh_frame)
 .eh_frame      0x0000000008003eb0        0x0 /Applications/STM32CubeIDE.app/Contents/Eclipse/plugins/com.st.stm32cube.ide.mcu.externaltools.gnu-tools-for-stm32.10.3-2021.10.macos64_1.0.200.202301161003/tools/bin/../lib/gcc/arm-none-eabi/10.3.1/thumb/v7e-m+fp/hard/crtbegin.o
 *(.init)
 .init          0x0000000008003eb0        0x4 /Applications/STM32CubeIDE.app/Contents/Eclipse/plugins/com.st.stm32cube.ide.mcu.externaltools.gnu-tools-for-stm32.10.3-2021.10.macos64_1.0.200.202301161003/tools/bin/../lib/gcc/arm-none-eabi/10.3.1/thumb/v7e-m+fp/hard/crti.o
                0x0000000008003eb0                _init
 .init          0x0000000008003eb4        0x8 /Applications/STM32CubeIDE.app/Contents/Eclipse/plugins/com.st.stm32cube.ide.mcu.externaltools.gnu-tools-for-stm32.10.3-2021.10.macos64_1.0.200.202301161003/tools/bin/../lib/gcc/arm-none-eabi/10.3.1/thumb/v7e-m+fp/hard/crtn.o
 *(.fini)
 .fini          0x0000000008003ebc        0x4 /Applications/STM32CubeIDE.app/Contents/Eclipse/plugins/com.st.stm32cube.ide.mcu.externaltools.gnu-tools-for-stm32.10.3-2021.10.macos64_1.0.200.202301161003/tools/bin/../lib/gcc/arm-none-eabi/10.3.1/thumb/v7e-m+fp/hard/crti.o
                0x0000000008003ebc                _fini
 .fini          0x0000000008003ec0        0x8 /Applications/STM32CubeIDE.app/Contents/Eclipse/plugins/com.st.stm32cube.ide.mcu.externaltools.gnu-tools-for-stm32.10.3-2021.10.macos64_1.0.200.202301161003/tools/bin/../lib/gcc/arm-none-eabi/10.3.1/thumb/v7e-m+fp/hard/crtn.o
                0x0000000008003ec8                . = ALIGN (0x4)
                0x0000000008003ec8                _etext = .

.vfp11_veneer   0x0000000008003ec8        0x0
 .vfp11_veneer  0x0000000008003ec8        0x0 linker stubs

.v4_bx          0x0000000008003ec8        0x0
 .v4_bx         0x0000000008003ec8        0x0 linker stubs

.iplt           0x0000000008003ec8        0x0
 .iplt          0x0000000008003ec8        0x0 /Applications/STM32CubeIDE.app/Contents/Eclipse/plugins/com.st.stm32cube.ide.mcu.externaltools.gnu-tools-for-stm32.10.3-2021.10.macos64_1.0.200.202301161003/tools/bin/../lib/gcc/arm-none-eabi/10.3.1/thumb/v7e-m+fp/hard/crtbegin.o

.rodata         0x0000000008003ec8    0x13128
                0x0000000008003ec8                . = ALIGN (0x4)
 *(.rodata)
 .rodata        0x0000000008003ec8       0xfe ./Core/Src/main.o
 *(.rodata*)
 *fill*         0x0000000008003fc6        0x2 
 .rodata.AHBPrescTable
                0x0000000008003fc8       0x10 ./Core/Src/system_stm32l4xx.o
                0x0000000008003fc8                AHBPrescTable
 .rodata.MSIRangeTable
                0x0000000008003fd8       0x30 ./Core/Src/system_stm32l4xx.o
                0x0000000008003fd8                MSIRangeTable
 .rodata.armBitRevIndexTable1024
                0x0000000008004008      0xe10 /Users/kieran/Documents/Cal Poly/2023 - Spring/CPE 316/proj2/digital multimeter/Drivers/CMSIS/DSP/Lib/GCC/libarm_cortexM4lf_math.a(arm_common_tables.o)
                0x0000000008004008                armBitRevIndexTable1024
 .rodata.armBitRevIndexTable128
                0x0000000008004e18      0x1a0 /Users/kieran/Documents/Cal Poly/2023 - Spring/CPE 316/proj2/digital multimeter/Drivers/CMSIS/DSP/Lib/GCC/libarm_cortexM4lf_math.a(arm_common_tables.o)
                0x0000000008004e18                armBitRevIndexTable128
 .rodata.armBitRevIndexTable16
                0x0000000008004fb8       0x28 /Users/kieran/Documents/Cal Poly/2023 - Spring/CPE 316/proj2/digital multimeter/Drivers/CMSIS/DSP/Lib/GCC/libarm_cortexM4lf_math.a(arm_common_tables.o)
                0x0000000008004fb8                armBitRevIndexTable16
 .rodata.armBitRevIndexTable2048
                0x0000000008004fe0     0x1dc0 /Users/kieran/Documents/Cal Poly/2023 - Spring/CPE 316/proj2/digital multimeter/Drivers/CMSIS/DSP/Lib/GCC/libarm_cortexM4lf_math.a(arm_common_tables.o)
                0x0000000008004fe0                armBitRevIndexTable2048
 .rodata.armBitRevIndexTable256
                0x0000000008006da0      0x370 /Users/kieran/Documents/Cal Poly/2023 - Spring/CPE 316/proj2/digital multimeter/Drivers/CMSIS/DSP/Lib/GCC/libarm_cortexM4lf_math.a(arm_common_tables.o)
                0x0000000008006da0                armBitRevIndexTable256
 .rodata.armBitRevIndexTable32
                0x0000000008007110       0x60 /Users/kieran/Documents/Cal Poly/2023 - Spring/CPE 316/proj2/digital multimeter/Drivers/CMSIS/DSP/Lib/GCC/libarm_cortexM4lf_math.a(arm_common_tables.o)
                0x0000000008007110                armBitRevIndexTable32
 .rodata.armBitRevIndexTable512
                0x0000000008007170      0x380 /Users/kieran/Documents/Cal Poly/2023 - Spring/CPE 316/proj2/digital multimeter/Drivers/CMSIS/DSP/Lib/GCC/libarm_cortexM4lf_math.a(arm_common_tables.o)
                0x0000000008007170                armBitRevIndexTable512
 .rodata.twiddleCoef_1024
                0x00000000080074f0     0x2000 /Users/kieran/Documents/Cal Poly/2023 - Spring/CPE 316/proj2/digital multimeter/Drivers/CMSIS/DSP/Lib/GCC/libarm_cortexM4lf_math.a(arm_common_tables.o)
                0x00000000080074f0                twiddleCoef_1024
 .rodata.twiddleCoef_128
                0x00000000080094f0      0x400 /Users/kieran/Documents/Cal Poly/2023 - Spring/CPE 316/proj2/digital multimeter/Drivers/CMSIS/DSP/Lib/GCC/libarm_cortexM4lf_math.a(arm_common_tables.o)
                0x00000000080094f0                twiddleCoef_128
 .rodata.twiddleCoef_16
                0x00000000080098f0       0x80 /Users/kieran/Documents/Cal Poly/2023 - Spring/CPE 316/proj2/digital multimeter/Drivers/CMSIS/DSP/Lib/GCC/libarm_cortexM4lf_math.a(arm_common_tables.o)
                0x00000000080098f0                twiddleCoef_16
 .rodata.twiddleCoef_2048
                0x0000000008009970     0x4000 /Users/kieran/Documents/Cal Poly/2023 - Spring/CPE 316/proj2/digital multimeter/Drivers/CMSIS/DSP/Lib/GCC/libarm_cortexM4lf_math.a(arm_common_tables.o)
                0x0000000008009970                twiddleCoef_2048
 .rodata.twiddleCoef_256
                0x000000000800d970      0x800 /Users/kieran/Documents/Cal Poly/2023 - Spring/CPE 316/proj2/digital multimeter/Drivers/CMSIS/DSP/Lib/GCC/libarm_cortexM4lf_math.a(arm_common_tables.o)
                0x000000000800d970                twiddleCoef_256
 .rodata.twiddleCoef_32
                0x000000000800e170      0x100 /Users/kieran/Documents/Cal Poly/2023 - Spring/CPE 316/proj2/digital multimeter/Drivers/CMSIS/DSP/Lib/GCC/libarm_cortexM4lf_math.a(arm_common_tables.o)
                0x000000000800e170                twiddleCoef_32
 .rodata.twiddleCoef_512
                0x000000000800e270     0x1000 /Users/kieran/Documents/Cal Poly/2023 - Spring/CPE 316/proj2/digital multimeter/Drivers/CMSIS/DSP/Lib/GCC/libarm_cortexM4lf_math.a(arm_common_tables.o)
                0x000000000800e270                twiddleCoef_512
 .rodata.twiddleCoef_rfft_1024
                0x000000000800f270     0x1000 /Users/kieran/Documents/Cal Poly/2023 - Spring/CPE 316/proj2/digital multimeter/Drivers/CMSIS/DSP/Lib/GCC/libarm_cortexM4lf_math.a(arm_common_tables.o)
                0x000000000800f270                twiddleCoef_rfft_1024
 .rodata.twiddleCoef_rfft_2048
                0x0000000008010270     0x2000 /Users/kieran/Documents/Cal Poly/2023 - Spring/CPE 316/proj2/digital multimeter/Drivers/CMSIS/DSP/Lib/GCC/libarm_cortexM4lf_math.a(arm_common_tables.o)
                0x0000000008010270                twiddleCoef_rfft_2048
 .rodata.twiddleCoef_rfft_256
                0x0000000008012270      0x400 /Users/kieran/Documents/Cal Poly/2023 - Spring/CPE 316/proj2/digital multimeter/Drivers/CMSIS/DSP/Lib/GCC/libarm_cortexM4lf_math.a(arm_common_tables.o)
                0x0000000008012270                twiddleCoef_rfft_256
 .rodata.twiddleCoef_rfft_32
                0x0000000008012670       0x80 /Users/kieran/Documents/Cal Poly/2023 - Spring/CPE 316/proj2/digital multimeter/Drivers/CMSIS/DSP/Lib/GCC/libarm_cortexM4lf_math.a(arm_common_tables.o)
                0x0000000008012670                twiddleCoef_rfft_32
 .rodata.twiddleCoef_rfft_4096
                0x00000000080126f0     0x4000 /Users/kieran/Documents/Cal Poly/2023 - Spring/CPE 316/proj2/digital multimeter/Drivers/CMSIS/DSP/Lib/GCC/libarm_cortexM4lf_math.a(arm_common_tables.o)
                0x00000000080126f0                twiddleCoef_rfft_4096
 .rodata.twiddleCoef_rfft_512
                0x00000000080166f0      0x800 /Users/kieran/Documents/Cal Poly/2023 - Spring/CPE 316/proj2/digital multimeter/Drivers/CMSIS/DSP/Lib/GCC/libarm_cortexM4lf_math.a(arm_common_tables.o)
                0x00000000080166f0                twiddleCoef_rfft_512
 .rodata.twiddleCoef_rfft_64
                0x0000000008016ef0      0x100 /Users/kieran/Documents/Cal Poly/2023 - Spring/CPE 316/proj2/digital multimeter/Drivers/CMSIS/DSP/Lib/GCC/libarm_cortexM4lf_math.a(arm_common_tables.o)
                0x0000000008016ef0                twiddleCoef_rfft_64
                0x0000000008016ff0                . = ALIGN (0x4)

.ARM.extab      0x0000000008016ff0        0x0
                0x0000000008016ff0                . = ALIGN (0x4)
 *(.ARM.extab* .gnu.linkonce.armextab.*)
                0x0000000008016ff0                . = ALIGN (0x4)

.ARM            0x0000000008016ff0        0x8
                0x0000000008016ff0                . = ALIGN (0x4)
                0x0000000008016ff0                __exidx_start = .
 *(.ARM.exidx*)
 .ARM.exidx     0x0000000008016ff0        0x8 /Applications/STM32CubeIDE.app/Contents/Eclipse/plugins/com.st.stm32cube.ide.mcu.externaltools.gnu-tools-for-stm32.10.3-2021.10.macos64_1.0.200.202301161003/tools/bin/../lib/gcc/arm-none-eabi/10.3.1/thumb/v7e-m+fp/hard/libgcc.a(_udivmoddi4.o)
                0x0000000008016ff8                __exidx_end = .
                0x0000000008016ff8                . = ALIGN (0x4)

.rel.dyn        0x0000000008016ff8        0x0
 .rel.iplt      0x0000000008016ff8        0x0 /Applications/STM32CubeIDE.app/Contents/Eclipse/plugins/com.st.stm32cube.ide.mcu.externaltools.gnu-tools-for-stm32.10.3-2021.10.macos64_1.0.200.202301161003/tools/bin/../lib/gcc/arm-none-eabi/10.3.1/thumb/v7e-m+fp/hard/crtbegin.o

.preinit_array  0x0000000008016ff8        0x0
                0x0000000008016ff8                . = ALIGN (0x4)
                0x0000000008016ff8                PROVIDE (__preinit_array_start = .)
 *(.preinit_array*)
                0x0000000008016ff8                PROVIDE (__preinit_array_end = .)
                0x0000000008016ff8                . = ALIGN (0x4)

.init_array     0x0000000008016ff8        0x4
                0x0000000008016ff8                . = ALIGN (0x4)
                0x0000000008016ff8                PROVIDE (__init_array_start = .)
 *(SORT_BY_NAME(.init_array.*))
 *(.init_array*)
 .init_array    0x0000000008016ff8        0x4 /Applications/STM32CubeIDE.app/Contents/Eclipse/plugins/com.st.stm32cube.ide.mcu.externaltools.gnu-tools-for-stm32.10.3-2021.10.macos64_1.0.200.202301161003/tools/bin/../lib/gcc/arm-none-eabi/10.3.1/thumb/v7e-m+fp/hard/crtbegin.o
                0x0000000008016ffc                PROVIDE (__init_array_end = .)
                0x0000000008016ffc                . = ALIGN (0x4)

.fini_array     0x0000000008016ffc        0x4
                0x0000000008016ffc                . = ALIGN (0x4)
                [!provide]                        PROVIDE (__fini_array_start = .)
 *(SORT_BY_NAME(.fini_array.*))
 *(.fini_array*)
 .fini_array    0x0000000008016ffc        0x4 /Applications/STM32CubeIDE.app/Contents/Eclipse/plugins/com.st.stm32cube.ide.mcu.externaltools.gnu-tools-for-stm32.10.3-2021.10.macos64_1.0.200.202301161003/tools/bin/../lib/gcc/arm-none-eabi/10.3.1/thumb/v7e-m+fp/hard/crtbegin.o
                [!provide]                        PROVIDE (__fini_array_end = .)
                0x0000000008017000                . = ALIGN (0x4)
                0x0000000008017000                _sidata = LOADADDR (.data)

.data           0x0000000020000000       0x74 load address 0x0000000008017000
                0x0000000020000000                . = ALIGN (0x4)
                0x0000000020000000                _sdata = .
 *(.data)
 *(.data*)
 .data.mode     0x0000000020000000        0x1 ./Core/Src/main.o
                0x0000000020000000                mode
 *fill*         0x0000000020000001        0x3 
 .data.SystemCoreClock
                0x0000000020000004        0x4 ./Core/Src/system_stm32l4xx.o
                0x0000000020000004                SystemCoreClock
 .data.uwTickPrio
                0x0000000020000008        0x4 ./Drivers/STM32L4xx_HAL_Driver/Src/stm32l4xx_hal.o
                0x0000000020000008                uwTickPrio
 .data.uwTickFreq
                0x000000002000000c        0x1 ./Drivers/STM32L4xx_HAL_Driver/Src/stm32l4xx_hal.o
                0x000000002000000c                uwTickFreq
 *fill*         0x000000002000000d        0x3 
 .data._impure_ptr
                0x0000000020000010        0x4 /Applications/STM32CubeIDE.app/Contents/Eclipse/plugins/com.st.stm32cube.ide.mcu.externaltools.gnu-tools-for-stm32.10.3-2021.10.macos64_1.0.200.202301161003/tools/bin/../lib/gcc/arm-none-eabi/10.3.1/../../../../arm-none-eabi/lib/thumb/v7e-m+fp/hard/libc_nano.a(lib_a-impure.o)
                0x0000000020000010                _impure_ptr
 .data.impure_data
                0x0000000020000014       0x60 /Applications/STM32CubeIDE.app/Contents/Eclipse/plugins/com.st.stm32cube.ide.mcu.externaltools.gnu-tools-for-stm32.10.3-2021.10.macos64_1.0.200.202301161003/tools/bin/../lib/gcc/arm-none-eabi/10.3.1/../../../../arm-none-eabi/lib/thumb/v7e-m+fp/hard/libc_nano.a(lib_a-impure.o)
 *(.RamFunc)
 *(.RamFunc*)
                0x0000000020000074                . = ALIGN (0x4)
                0x0000000020000074                _edata = .

.igot.plt       0x0000000020000074        0x0 load address 0x0000000008017074
 .igot.plt      0x0000000020000074        0x0 /Applications/STM32CubeIDE.app/Contents/Eclipse/plugins/com.st.stm32cube.ide.mcu.externaltools.gnu-tools-for-stm32.10.3-2021.10.macos64_1.0.200.202301161003/tools/bin/../lib/gcc/arm-none-eabi/10.3.1/thumb/v7e-m+fp/hard/crtbegin.o
                0x0000000020000074                . = ALIGN (0x4)

.bss            0x0000000020000078     0x1044 load address 0x0000000008017074
                0x0000000020000078                _sbss = .
                0x0000000020000078                __bss_start__ = _sbss
 *(.bss)
 .bss           0x0000000020000078       0x1c /Applications/STM32CubeIDE.app/Contents/Eclipse/plugins/com.st.stm32cube.ide.mcu.externaltools.gnu-tools-for-stm32.10.3-2021.10.macos64_1.0.200.202301161003/tools/bin/../lib/gcc/arm-none-eabi/10.3.1/thumb/v7e-m+fp/hard/crtbegin.o
 *(.bss*)
 .bss.samples   0x0000000020000094     0x1000 ./Core/Src/main.o
                0x0000000020000094                samples
 .bss.SAMPLE_DONE
                0x0000000020001094        0x1 ./Core/Src/main.o
                0x0000000020001094                SAMPLE_DONE
 *fill*         0x0000000020001095        0x1 
 .bss.voltage   0x0000000020001096        0x2 ./Core/Src/main.o
                0x0000000020001096                voltage
 .bss.vpp       0x0000000020001098        0x2 ./Core/Src/main.o
                0x0000000020001098                vpp
 .bss.dc_offset
                0x000000002000109a        0x2 ./Core/Src/main.o
                0x000000002000109a                dc_offset
 .bss.i.4       0x000000002000109c        0x4 ./Core/Src/main.o
 .bss.ADC_min.3
                0x00000000200010a0        0x4 ./Core/Src/main.o
 .bss.ADC_max.2
                0x00000000200010a4        0x4 ./Core/Src/main.o
 .bss.sum.1     0x00000000200010a8        0x4 ./Core/Src/main.o
 *fill*         0x00000000200010ac        0x4 
 .bss.sum2.0    0x00000000200010b0        0x8 ./Core/Src/main.o
 .bss.uwTick    0x00000000200010b8        0x4 ./Drivers/STM32L4xx_HAL_Driver/Src/stm32l4xx_hal.o
                0x00000000200010b8                uwTick
 *(COMMON)
                0x00000000200010bc                . = ALIGN (0x4)
                0x00000000200010bc                _ebss = .
                0x00000000200010bc                __bss_end__ = _ebss

._user_heap_stack
                0x00000000200010bc      0x604 load address 0x0000000008017074
                0x00000000200010c0                . = ALIGN (0x8)
 *fill*         0x00000000200010bc        0x4 
                [!provide]                        PROVIDE (end = .)
                0x00000000200010c0                PROVIDE (_end = .)
                0x00000000200012c0                . = (. + _Min_Heap_Size)
 *fill*         0x00000000200010c0      0x200 
                0x00000000200016c0                . = (. + _Min_Stack_Size)
 *fill*         0x00000000200012c0      0x400 
                0x00000000200016c0                . = ALIGN (0x8)

/DISCARD/
 libc.a(*)
 libm.a(*)
 libgcc.a(*)

.ARM.attributes
                0x0000000000000000       0x30
 *(.ARM.attributes)
 .ARM.attributes
                0x0000000000000000       0x1e /Applications/STM32CubeIDE.app/Contents/Eclipse/plugins/com.st.stm32cube.ide.mcu.externaltools.gnu-tools-for-stm32.10.3-2021.10.macos64_1.0.200.202301161003/tools/bin/../lib/gcc/arm-none-eabi/10.3.1/thumb/v7e-m+fp/hard/crti.o
 .ARM.attributes
                0x000000000000001e       0x34 /Applications/STM32CubeIDE.app/Contents/Eclipse/plugins/com.st.stm32cube.ide.mcu.externaltools.gnu-tools-for-stm32.10.3-2021.10.macos64_1.0.200.202301161003/tools/bin/../lib/gcc/arm-none-eabi/10.3.1/thumb/v7e-m+fp/hard/crtbegin.o
 .ARM.attributes
                0x0000000000000052       0x34 ./Core/Src/adc.o
 .ARM.attributes
                0x0000000000000086       0x34 ./Core/Src/main.o
 .ARM.attributes
                0x00000000000000ba       0x34 ./Core/Src/stm32l4xx_hal_msp.o
 .ARM.attributes
                0x00000000000000ee       0x34 ./Core/Src/stm32l4xx_it.o
 .ARM.attributes
                0x0000000000000122       0x34 ./Core/Src/system_stm32l4xx.o
 .ARM.attributes
                0x0000000000000156       0x34 ./Core/Src/uart.o
 .ARM.attributes
                0x000000000000018a       0x21 ./Core/Startup/startup_stm32l476rgtx.o
 .ARM.attributes
                0x00000000000001ab       0x34 ./Drivers/STM32L4xx_HAL_Driver/Src/stm32l4xx_hal.o
 .ARM.attributes
                0x00000000000001df       0x34 ./Drivers/STM32L4xx_HAL_Driver/Src/stm32l4xx_hal_cortex.o
 .ARM.attributes
                0x0000000000000213       0x34 ./Drivers/STM32L4xx_HAL_Driver/Src/stm32l4xx_hal_pwr_ex.o
 .ARM.attributes
                0x0000000000000247       0x34 ./Drivers/STM32L4xx_HAL_Driver/Src/stm32l4xx_hal_rcc.o
 .ARM.attributes
                0x000000000000027b       0x34 /Users/kieran/Documents/Cal Poly/2023 - Spring/CPE 316/proj2/digital multimeter/Drivers/CMSIS/DSP/Lib/GCC/libarm_cortexM4lf_math.a(arm_rfft_fast_init_f32.o)
 .ARM.attributes
                0x00000000000002af       0x34 /Users/kieran/Documents/Cal Poly/2023 - Spring/CPE 316/proj2/digital multimeter/Drivers/CMSIS/DSP/Lib/GCC/libarm_cortexM4lf_math.a(arm_rfft_fast_f32.o)
 .ARM.attributes
                0x00000000000002e3       0x34 /Users/kieran/Documents/Cal Poly/2023 - Spring/CPE 316/proj2/digital multimeter/Drivers/CMSIS/DSP/Lib/GCC/libarm_cortexM4lf_math.a(arm_cfft_f32.o)
 .ARM.attributes
                0x0000000000000317       0x34 /Users/kieran/Documents/Cal Poly/2023 - Spring/CPE 316/proj2/digital multimeter/Drivers/CMSIS/DSP/Lib/GCC/libarm_cortexM4lf_math.a(arm_bitreversal2.o)
 .ARM.attributes
                0x000000000000034b       0x39 /Users/kieran/Documents/Cal Poly/2023 - Spring/CPE 316/proj2/digital multimeter/Drivers/CMSIS/DSP/Lib/GCC/libarm_cortexM4lf_math.a(arm_common_tables.o)
 .ARM.attributes
                0x0000000000000384       0x34 /Users/kieran/Documents/Cal Poly/2023 - Spring/CPE 316/proj2/digital multimeter/Drivers/CMSIS/DSP/Lib/GCC/libarm_cortexM4lf_math.a(arm_cfft_radix8_f32.o)
 .ARM.attributes
                0x00000000000003b8       0x34 /Applications/STM32CubeIDE.app/Contents/Eclipse/plugins/com.st.stm32cube.ide.mcu.externaltools.gnu-tools-for-stm32.10.3-2021.10.macos64_1.0.200.202301161003/tools/bin/../lib/gcc/arm-none-eabi/10.3.1/../../../../arm-none-eabi/lib/thumb/v7e-m+fp/hard/libc_nano.a(lib_a-errno.o)
 .ARM.attributes
                0x00000000000003ec       0x34 /Applications/STM32CubeIDE.app/Contents/Eclipse/plugins/com.st.stm32cube.ide.mcu.externaltools.gnu-tools-for-stm32.10.3-2021.10.macos64_1.0.200.202301161003/tools/bin/../lib/gcc/arm-none-eabi/10.3.1/../../../../arm-none-eabi/lib/thumb/v7e-m+fp/hard/libc_nano.a(lib_a-impure.o)
 .ARM.attributes
                0x0000000000000420       0x34 /Applications/STM32CubeIDE.app/Contents/Eclipse/plugins/com.st.stm32cube.ide.mcu.externaltools.gnu-tools-for-stm32.10.3-2021.10.macos64_1.0.200.202301161003/tools/bin/../lib/gcc/arm-none-eabi/10.3.1/../../../../arm-none-eabi/lib/thumb/v7e-m+fp/hard/libc_nano.a(lib_a-init.o)
 .ARM.attributes
                0x0000000000000454       0x34 /Applications/STM32CubeIDE.app/Contents/Eclipse/plugins/com.st.stm32cube.ide.mcu.externaltools.gnu-tools-for-stm32.10.3-2021.10.macos64_1.0.200.202301161003/tools/bin/../lib/gcc/arm-none-eabi/10.3.1/../../../../arm-none-eabi/lib/thumb/v7e-m+fp/hard/libc_nano.a(lib_a-memset.o)
 .ARM.attributes
                0x0000000000000488       0x34 /Applications/STM32CubeIDE.app/Contents/Eclipse/plugins/com.st.stm32cube.ide.mcu.externaltools.gnu-tools-for-stm32.10.3-2021.10.macos64_1.0.200.202301161003/tools/bin/../lib/gcc/arm-none-eabi/10.3.1/../../../../arm-none-eabi/lib/thumb/v7e-m+fp/hard/libm.a(lib_a-w_sqrt.o)
 .ARM.attributes
                0x00000000000004bc       0x34 /Applications/STM32CubeIDE.app/Contents/Eclipse/plugins/com.st.stm32cube.ide.mcu.externaltools.gnu-tools-for-stm32.10.3-2021.10.macos64_1.0.200.202301161003/tools/bin/../lib/gcc/arm-none-eabi/10.3.1/../../../../arm-none-eabi/lib/thumb/v7e-m+fp/hard/libm.a(lib_a-e_sqrt.o)
 .ARM.attributes
                0x00000000000004f0       0x1e /Applications/STM32CubeIDE.app/Contents/Eclipse/plugins/com.st.stm32cube.ide.mcu.externaltools.gnu-tools-for-stm32.10.3-2021.10.macos64_1.0.200.202301161003/tools/bin/../lib/gcc/arm-none-eabi/10.3.1/thumb/v7e-m+fp/hard/libgcc.a(_arm_addsubdf3.o)
 .ARM.attributes
                0x000000000000050e       0x1e /Applications/STM32CubeIDE.app/Contents/Eclipse/plugins/com.st.stm32cube.ide.mcu.externaltools.gnu-tools-for-stm32.10.3-2021.10.macos64_1.0.200.202301161003/tools/bin/../lib/gcc/arm-none-eabi/10.3.1/thumb/v7e-m+fp/hard/libgcc.a(_arm_muldivdf3.o)
 .ARM.attributes
                0x000000000000052c       0x1e /Applications/STM32CubeIDE.app/Contents/Eclipse/plugins/com.st.stm32cube.ide.mcu.externaltools.gnu-tools-for-stm32.10.3-2021.10.macos64_1.0.200.202301161003/tools/bin/../lib/gcc/arm-none-eabi/10.3.1/thumb/v7e-m+fp/hard/libgcc.a(_arm_cmpdf2.o)
 .ARM.attributes
                0x000000000000054a       0x1e /Applications/STM32CubeIDE.app/Contents/Eclipse/plugins/com.st.stm32cube.ide.mcu.externaltools.gnu-tools-for-stm32.10.3-2021.10.macos64_1.0.200.202301161003/tools/bin/../lib/gcc/arm-none-eabi/10.3.1/thumb/v7e-m+fp/hard/libgcc.a(_arm_unorddf2.o)
 .ARM.attributes
                0x0000000000000568       0x1e /Applications/STM32CubeIDE.app/Contents/Eclipse/plugins/com.st.stm32cube.ide.mcu.externaltools.gnu-tools-for-stm32.10.3-2021.10.macos64_1.0.200.202301161003/tools/bin/../lib/gcc/arm-none-eabi/10.3.1/thumb/v7e-m+fp/hard/libgcc.a(_arm_fixunsdfsi.o)
 .ARM.attributes
                0x0000000000000586       0x1e /Applications/STM32CubeIDE.app/Contents/Eclipse/plugins/com.st.stm32cube.ide.mcu.externaltools.gnu-tools-for-stm32.10.3-2021.10.macos64_1.0.200.202301161003/tools/bin/../lib/gcc/arm-none-eabi/10.3.1/thumb/v7e-m+fp/hard/libgcc.a(_aeabi_ldivmod.o)
 .ARM.attributes
                0x00000000000005a4       0x34 /Applications/STM32CubeIDE.app/Contents/Eclipse/plugins/com.st.stm32cube.ide.mcu.externaltools.gnu-tools-for-stm32.10.3-2021.10.macos64_1.0.200.202301161003/tools/bin/../lib/gcc/arm-none-eabi/10.3.1/thumb/v7e-m+fp/hard/libgcc.a(_fixunssfdi.o)
 .ARM.attributes
                0x00000000000005d8       0x34 /Applications/STM32CubeIDE.app/Contents/Eclipse/plugins/com.st.stm32cube.ide.mcu.externaltools.gnu-tools-for-stm32.10.3-2021.10.macos64_1.0.200.202301161003/tools/bin/../lib/gcc/arm-none-eabi/10.3.1/thumb/v7e-m+fp/hard/libgcc.a(_udivmoddi4.o)
 .ARM.attributes
                0x000000000000060c       0x1e /Applications/STM32CubeIDE.app/Contents/Eclipse/plugins/com.st.stm32cube.ide.mcu.externaltools.gnu-tools-for-stm32.10.3-2021.10.macos64_1.0.200.202301161003/tools/bin/../lib/gcc/arm-none-eabi/10.3.1/thumb/v7e-m+fp/hard/libgcc.a(_dvmd_tls.o)
 .ARM.attributes
                0x000000000000062a       0x1e /Applications/STM32CubeIDE.app/Contents/Eclipse/plugins/com.st.stm32cube.ide.mcu.externaltools.gnu-tools-for-stm32.10.3-2021.10.macos64_1.0.200.202301161003/tools/bin/../lib/gcc/arm-none-eabi/10.3.1/thumb/v7e-m+fp/hard/crtn.o
OUTPUT(digital multimeter.elf elf32-littlearm)
LOAD linker stubs
LOAD /Applications/STM32CubeIDE.app/Contents/Eclipse/plugins/com.st.stm32cube.ide.mcu.externaltools.gnu-tools-for-stm32.10.3-2021.10.macos64_1.0.200.202301161003/tools/bin/../lib/gcc/arm-none-eabi/10.3.1/../../../../arm-none-eabi/lib/thumb/v7e-m+fp/hard/libc.a
LOAD /Applications/STM32CubeIDE.app/Contents/Eclipse/plugins/com.st.stm32cube.ide.mcu.externaltools.gnu-tools-for-stm32.10.3-2021.10.macos64_1.0.200.202301161003/tools/bin/../lib/gcc/arm-none-eabi/10.3.1/../../../../arm-none-eabi/lib/thumb/v7e-m+fp/hard/libm.a
LOAD /Applications/STM32CubeIDE.app/Contents/Eclipse/plugins/com.st.stm32cube.ide.mcu.externaltools.gnu-tools-for-stm32.10.3-2021.10.macos64_1.0.200.202301161003/tools/bin/../lib/gcc/arm-none-eabi/10.3.1/thumb/v7e-m+fp/hard/libgcc.a

.debug_info     0x0000000000000000     0xe505
 .debug_info    0x0000000000000000      0xa79 ./Core/Src/adc.o
 .debug_info    0x0000000000000a79     0x11fd ./Core/Src/main.o
 .debug_info    0x0000000000001c76      0x308 ./Core/Src/stm32l4xx_hal_msp.o
 .debug_info    0x0000000000001f7e      0x122 ./Core/Src/stm32l4xx_it.o
 .debug_info    0x00000000000020a0      0x5c6 ./Core/Src/system_stm32l4xx.o
 .debug_info    0x0000000000002666      0x930 ./Core/Src/uart.o
 .debug_info    0x0000000000002f96       0x22 ./Core/Startup/startup_stm32l476rgtx.o
 .debug_info    0x0000000000002fb8      0xb35 ./Drivers/STM32L4xx_HAL_Driver/Src/stm32l4xx_hal.o
 .debug_info    0x0000000000003aed      0xe21 ./Drivers/STM32L4xx_HAL_Driver/Src/stm32l4xx_hal_cortex.o
 .debug_info    0x000000000000490e      0x9f0 ./Drivers/STM32L4xx_HAL_Driver/Src/stm32l4xx_hal_pwr_ex.o
 .debug_info    0x00000000000052fe      0xced ./Drivers/STM32L4xx_HAL_Driver/Src/stm32l4xx_hal_rcc.o
 .debug_info    0x0000000000005feb     0x192a /Users/kieran/Documents/Cal Poly/2023 - Spring/CPE 316/proj2/digital multimeter/Drivers/CMSIS/DSP/Lib/GCC/libarm_cortexM4lf_math.a(arm_rfft_fast_init_f32.o)
 .debug_info    0x0000000000007915      0xf91 /Users/kieran/Documents/Cal Poly/2023 - Spring/CPE 316/proj2/digital multimeter/Drivers/CMSIS/DSP/Lib/GCC/libarm_cortexM4lf_math.a(arm_rfft_fast_f32.o)
 .debug_info    0x00000000000088a6     0x1c5b /Users/kieran/Documents/Cal Poly/2023 - Spring/CPE 316/proj2/digital multimeter/Drivers/CMSIS/DSP/Lib/GCC/libarm_cortexM4lf_math.a(arm_cfft_f32.o)
 .debug_info    0x000000000000a501     0x16a6 /Users/kieran/Documents/Cal Poly/2023 - Spring/CPE 316/proj2/digital multimeter/Drivers/CMSIS/DSP/Lib/GCC/libarm_cortexM4lf_math.a(arm_bitreversal2.o)
 .debug_info    0x000000000000bba7     0x1a84 /Users/kieran/Documents/Cal Poly/2023 - Spring/CPE 316/proj2/digital multimeter/Drivers/CMSIS/DSP/Lib/GCC/libarm_cortexM4lf_math.a(arm_common_tables.o)
 .debug_info    0x000000000000d62b      0xeda /Users/kieran/Documents/Cal Poly/2023 - Spring/CPE 316/proj2/digital multimeter/Drivers/CMSIS/DSP/Lib/GCC/libarm_cortexM4lf_math.a(arm_cfft_radix8_f32.o)

.debug_abbrev   0x0000000000000000     0x2110
 .debug_abbrev  0x0000000000000000      0x1ab ./Core/Src/adc.o
 .debug_abbrev  0x00000000000001ab      0x347 ./Core/Src/main.o
 .debug_abbrev  0x00000000000004f2       0xc2 ./Core/Src/stm32l4xx_hal_msp.o
 .debug_abbrev  0x00000000000005b4       0x74 ./Core/Src/stm32l4xx_it.o
 .debug_abbrev  0x0000000000000628      0x116 ./Core/Src/system_stm32l4xx.o
 .debug_abbrev  0x000000000000073e      0x19a ./Core/Src/uart.o
 .debug_abbrev  0x00000000000008d8       0x12 ./Core/Startup/startup_stm32l476rgtx.o
 .debug_abbrev  0x00000000000008ea      0x23a ./Drivers/STM32L4xx_HAL_Driver/Src/stm32l4xx_hal.o
 .debug_abbrev  0x0000000000000b24      0x316 ./Drivers/STM32L4xx_HAL_Driver/Src/stm32l4xx_hal_cortex.o
 .debug_abbrev  0x0000000000000e3a      0x1f3 ./Drivers/STM32L4xx_HAL_Driver/Src/stm32l4xx_hal_pwr_ex.o
 .debug_abbrev  0x000000000000102d      0x2bd ./Drivers/STM32L4xx_HAL_Driver/Src/stm32l4xx_hal_rcc.o
 .debug_abbrev  0x00000000000012ea      0x2a0 /Users/kieran/Documents/Cal Poly/2023 - Spring/CPE 316/proj2/digital multimeter/Drivers/CMSIS/DSP/Lib/GCC/libarm_cortexM4lf_math.a(arm_rfft_fast_init_f32.o)
 .debug_abbrev  0x000000000000158a      0x2b8 /Users/kieran/Documents/Cal Poly/2023 - Spring/CPE 316/proj2/digital multimeter/Drivers/CMSIS/DSP/Lib/GCC/libarm_cortexM4lf_math.a(arm_rfft_fast_f32.o)
 .debug_abbrev  0x0000000000001842      0x2e0 /Users/kieran/Documents/Cal Poly/2023 - Spring/CPE 316/proj2/digital multimeter/Drivers/CMSIS/DSP/Lib/GCC/libarm_cortexM4lf_math.a(arm_cfft_f32.o)
 .debug_abbrev  0x0000000000001b22      0x206 /Users/kieran/Documents/Cal Poly/2023 - Spring/CPE 316/proj2/digital multimeter/Drivers/CMSIS/DSP/Lib/GCC/libarm_cortexM4lf_math.a(arm_bitreversal2.o)
 .debug_abbrev  0x0000000000001d28      0x1dd /Users/kieran/Documents/Cal Poly/2023 - Spring/CPE 316/proj2/digital multimeter/Drivers/CMSIS/DSP/Lib/GCC/libarm_cortexM4lf_math.a(arm_common_tables.o)
 .debug_abbrev  0x0000000000001f05      0x20b /Users/kieran/Documents/Cal Poly/2023 - Spring/CPE 316/proj2/digital multimeter/Drivers/CMSIS/DSP/Lib/GCC/libarm_cortexM4lf_math.a(arm_cfft_radix8_f32.o)

.debug_aranges  0x0000000000000000      0x6e8
 .debug_aranges
                0x0000000000000000       0x28 ./Core/Src/adc.o
 .debug_aranges
                0x0000000000000028       0x58 ./Core/Src/main.o
 .debug_aranges
                0x0000000000000080       0x20 ./Core/Src/stm32l4xx_hal_msp.o
 .debug_aranges
                0x00000000000000a0       0x60 ./Core/Src/stm32l4xx_it.o
 .debug_aranges
                0x0000000000000100       0x28 ./Core/Src/system_stm32l4xx.o
 .debug_aranges
                0x0000000000000128       0x40 ./Core/Src/uart.o
 .debug_aranges
                0x0000000000000168       0x28 ./Core/Startup/startup_stm32l476rgtx.o
 .debug_aranges
                0x0000000000000190      0x130 ./Drivers/STM32L4xx_HAL_Driver/Src/stm32l4xx_hal.o
 .debug_aranges
                0x00000000000002c0      0x118 ./Drivers/STM32L4xx_HAL_Driver/Src/stm32l4xx_hal_cortex.o
 .debug_aranges
                0x00000000000003d8      0x160 ./Drivers/STM32L4xx_HAL_Driver/Src/stm32l4xx_hal_pwr_ex.o
 .debug_aranges
                0x0000000000000538       0x90 ./Drivers/STM32L4xx_HAL_Driver/Src/stm32l4xx_hal_rcc.o
 .debug_aranges
                0x00000000000005c8       0x60 /Users/kieran/Documents/Cal Poly/2023 - Spring/CPE 316/proj2/digital multimeter/Drivers/CMSIS/DSP/Lib/GCC/libarm_cortexM4lf_math.a(arm_rfft_fast_init_f32.o)
 .debug_aranges
                0x0000000000000628       0x30 /Users/kieran/Documents/Cal Poly/2023 - Spring/CPE 316/proj2/digital multimeter/Drivers/CMSIS/DSP/Lib/GCC/libarm_cortexM4lf_math.a(arm_rfft_fast_f32.o)
 .debug_aranges
                0x0000000000000658       0x30 /Users/kieran/Documents/Cal Poly/2023 - Spring/CPE 316/proj2/digital multimeter/Drivers/CMSIS/DSP/Lib/GCC/libarm_cortexM4lf_math.a(arm_cfft_f32.o)
 .debug_aranges
                0x0000000000000688       0x28 /Users/kieran/Documents/Cal Poly/2023 - Spring/CPE 316/proj2/digital multimeter/Drivers/CMSIS/DSP/Lib/GCC/libarm_cortexM4lf_math.a(arm_bitreversal2.o)
 .debug_aranges
                0x00000000000006b0       0x18 /Users/kieran/Documents/Cal Poly/2023 - Spring/CPE 316/proj2/digital multimeter/Drivers/CMSIS/DSP/Lib/GCC/libarm_cortexM4lf_math.a(arm_common_tables.o)
 .debug_aranges
                0x00000000000006c8       0x20 /Users/kieran/Documents/Cal Poly/2023 - Spring/CPE 316/proj2/digital multimeter/Drivers/CMSIS/DSP/Lib/GCC/libarm_cortexM4lf_math.a(arm_cfft_radix8_f32.o)

.debug_ranges   0x0000000000000000      0x5f0
 .debug_ranges  0x0000000000000000       0x18 ./Core/Src/adc.o
 .debug_ranges  0x0000000000000018       0x60 ./Core/Src/main.o
 .debug_ranges  0x0000000000000078       0x10 ./Core/Src/stm32l4xx_hal_msp.o
 .debug_ranges  0x0000000000000088       0x50 ./Core/Src/stm32l4xx_it.o
 .debug_ranges  0x00000000000000d8       0x18 ./Core/Src/system_stm32l4xx.o
 .debug_ranges  0x00000000000000f0       0x30 ./Core/Src/uart.o
 .debug_ranges  0x0000000000000120       0x20 ./Core/Startup/startup_stm32l476rgtx.o
 .debug_ranges  0x0000000000000140      0x120 ./Drivers/STM32L4xx_HAL_Driver/Src/stm32l4xx_hal.o
 .debug_ranges  0x0000000000000260      0x108 ./Drivers/STM32L4xx_HAL_Driver/Src/stm32l4xx_hal_cortex.o
 .debug_ranges  0x0000000000000368      0x150 ./Drivers/STM32L4xx_HAL_Driver/Src/stm32l4xx_hal_pwr_ex.o
 .debug_ranges  0x00000000000004b8       0x80 ./Drivers/STM32L4xx_HAL_Driver/Src/stm32l4xx_hal_rcc.o
 .debug_ranges  0x0000000000000538       0x50 /Users/kieran/Documents/Cal Poly/2023 - Spring/CPE 316/proj2/digital multimeter/Drivers/CMSIS/DSP/Lib/GCC/libarm_cortexM4lf_math.a(arm_rfft_fast_init_f32.o)
 .debug_ranges  0x0000000000000588       0x20 /Users/kieran/Documents/Cal Poly/2023 - Spring/CPE 316/proj2/digital multimeter/Drivers/CMSIS/DSP/Lib/GCC/libarm_cortexM4lf_math.a(arm_rfft_fast_f32.o)
 .debug_ranges  0x00000000000005a8       0x20 /Users/kieran/Documents/Cal Poly/2023 - Spring/CPE 316/proj2/digital multimeter/Drivers/CMSIS/DSP/Lib/GCC/libarm_cortexM4lf_math.a(arm_cfft_f32.o)
 .debug_ranges  0x00000000000005c8       0x18 /Users/kieran/Documents/Cal Poly/2023 - Spring/CPE 316/proj2/digital multimeter/Drivers/CMSIS/DSP/Lib/GCC/libarm_cortexM4lf_math.a(arm_bitreversal2.o)
 .debug_ranges  0x00000000000005e0       0x10 /Users/kieran/Documents/Cal Poly/2023 - Spring/CPE 316/proj2/digital multimeter/Drivers/CMSIS/DSP/Lib/GCC/libarm_cortexM4lf_math.a(arm_cfft_radix8_f32.o)

.debug_macro    0x0000000000000000    0x2500c
 .debug_macro   0x0000000000000000      0x1a7 ./Core/Src/adc.o
 .debug_macro   0x00000000000001a7      0xa7e ./Core/Src/adc.o
 .debug_macro   0x0000000000000c25      0x19b ./Core/Src/adc.o
 .debug_macro   0x0000000000000dc0       0x2e ./Core/Src/adc.o
 .debug_macro   0x0000000000000dee       0x28 ./Core/Src/adc.o
 .debug_macro   0x0000000000000e16       0x22 ./Core/Src/adc.o
 .debug_macro   0x0000000000000e38       0x8e ./Core/Src/adc.o
 .debug_macro   0x0000000000000ec6       0x51 ./Core/Src/adc.o
 .debug_macro   0x0000000000000f17      0x103 ./Core/Src/adc.o
 .debug_macro   0x000000000000101a       0x6a ./Core/Src/adc.o
 .debug_macro   0x0000000000001084      0x1df ./Core/Src/adc.o
 .debug_macro   0x0000000000001263       0x1c ./Core/Src/adc.o
 .debug_macro   0x000000000000127f       0x22 ./Core/Src/adc.o
 .debug_macro   0x00000000000012a1       0xfb ./Core/Src/adc.o
 .debug_macro   0x000000000000139c     0x1011 ./Core/Src/adc.o
 .debug_macro   0x00000000000023ad      0x11f ./Core/Src/adc.o
 .debug_macro   0x00000000000024cc    0x1a17a ./Core/Src/adc.o
 .debug_macro   0x000000000001c646       0x6d ./Core/Src/adc.o
 .debug_macro   0x000000000001c6b3     0x38e6 ./Core/Src/adc.o
 .debug_macro   0x000000000001ff99      0x174 ./Core/Src/adc.o
 .debug_macro   0x000000000002010d       0x5c ./Core/Src/adc.o
 .debug_macro   0x0000000000020169     0x159e ./Core/Src/adc.o
 .debug_macro   0x0000000000021707      0x5a5 ./Core/Src/adc.o
 .debug_macro   0x0000000000021cac      0x1b9 ./Core/Src/adc.o
 .debug_macro   0x0000000000021e65      0x18b ./Core/Src/adc.o
 .debug_macro   0x0000000000021ff0      0x26b ./Core/Src/adc.o
 .debug_macro   0x000000000002225b      0x23d ./Core/Src/adc.o
 .debug_macro   0x0000000000022498      0x241 ./Core/Src/adc.o
 .debug_macro   0x00000000000226d9      0x37c ./Core/Src/adc.o
 .debug_macro   0x0000000000022a55       0xd6 ./Core/Src/adc.o
 .debug_macro   0x0000000000022b2b      0x122 ./Core/Src/adc.o
 .debug_macro   0x0000000000022c4d      0x3ef ./Core/Src/adc.o
 .debug_macro   0x000000000002303c      0x330 ./Core/Src/adc.o
 .debug_macro   0x000000000002336c       0x2e ./Core/Src/adc.o
 .debug_macro   0x000000000002339a      0x2b5 ./Core/Src/main.o
 .debug_macro   0x000000000002364f       0x22 ./Core/Src/main.o
 .debug_macro   0x0000000000023671       0x52 ./Core/Src/main.o
 .debug_macro   0x00000000000236c3       0x1e ./Core/Src/main.o
 .debug_macro   0x00000000000236e1       0x3c ./Core/Src/main.o
 .debug_macro   0x000000000002371d       0x34 ./Core/Src/main.o
 .debug_macro   0x0000000000023751       0x16 ./Core/Src/main.o
 .debug_macro   0x0000000000023767       0x43 ./Core/Src/main.o
 .debug_macro   0x00000000000237aa       0x34 ./Core/Src/main.o
 .debug_macro   0x00000000000237de       0x10 ./Core/Src/main.o
 .debug_macro   0x00000000000237ee       0x58 ./Core/Src/main.o
 .debug_macro   0x0000000000023846       0x71 ./Core/Src/main.o
 .debug_macro   0x00000000000238b7       0x1c ./Core/Src/main.o
 .debug_macro   0x00000000000238d3      0x12a ./Core/Src/main.o
 .debug_macro   0x00000000000239fd      0x341 ./Core/Src/main.o
 .debug_macro   0x0000000000023d3e       0x10 ./Core/Src/main.o
 .debug_macro   0x0000000000023d4e       0x35 ./Core/Src/main.o
 .debug_macro   0x0000000000023d83       0x20 ./Core/Src/main.o
 .debug_macro   0x0000000000023da3      0x19b ./Core/Src/main.o
 .debug_macro   0x0000000000023f3e      0x201 ./Core/Src/main.o
 .debug_macro   0x000000000002413f       0xc8 ./Core/Src/main.o
 .debug_macro   0x0000000000024207       0x34 ./Core/Src/main.o
 .debug_macro   0x000000000002423b       0x16 ./Core/Src/main.o
 .debug_macro   0x0000000000024251      0x1a1 ./Core/Src/stm32l4xx_hal_msp.o
 .debug_macro   0x00000000000243f2      0x1ab ./Core/Src/stm32l4xx_it.o
 .debug_macro   0x000000000002459d      0x198 ./Core/Src/system_stm32l4xx.o
 .debug_macro   0x0000000000024735      0x1b3 ./Core/Src/uart.o
 .debug_macro   0x00000000000248e8       0x10 ./Core/Src/uart.o
 .debug_macro   0x00000000000248f8      0x1e6 ./Drivers/STM32L4xx_HAL_Driver/Src/stm32l4xx_hal.o
 .debug_macro   0x0000000000024ade      0x198 ./Drivers/STM32L4xx_HAL_Driver/Src/stm32l4xx_hal_cortex.o
 .debug_macro   0x0000000000024c76      0x1bc ./Drivers/STM32L4xx_HAL_Driver/Src/stm32l4xx_hal_pwr_ex.o
 .debug_macro   0x0000000000024e32      0x1da ./Drivers/STM32L4xx_HAL_Driver/Src/stm32l4xx_hal_rcc.o

.debug_line     0x0000000000000000     0x8ef0
 .debug_line    0x0000000000000000      0x77c ./Core/Src/adc.o
 .debug_line    0x000000000000077c      0xb74 ./Core/Src/main.o
 .debug_line    0x00000000000012f0      0x68c ./Core/Src/stm32l4xx_hal_msp.o
 .debug_line    0x000000000000197c      0x74f ./Core/Src/stm32l4xx_it.o
 .debug_line    0x00000000000020cb      0x724 ./Core/Src/system_stm32l4xx.o
 .debug_line    0x00000000000027ef      0x7e7 ./Core/Src/uart.o
 .debug_line    0x0000000000002fd6       0x88 ./Core/Startup/startup_stm32l476rgtx.o
 .debug_line    0x000000000000305e      0xa7c ./Drivers/STM32L4xx_HAL_Driver/Src/stm32l4xx_hal.o
 .debug_line    0x0000000000003ada      0xc23 ./Drivers/STM32L4xx_HAL_Driver/Src/stm32l4xx_hal_cortex.o
 .debug_line    0x00000000000046fd      0xc74 ./Drivers/STM32L4xx_HAL_Driver/Src/stm32l4xx_hal_pwr_ex.o
 .debug_line    0x0000000000005371      0xef6 ./Drivers/STM32L4xx_HAL_Driver/Src/stm32l4xx_hal_rcc.o
 .debug_line    0x0000000000006267      0x610 /Users/kieran/Documents/Cal Poly/2023 - Spring/CPE 316/proj2/digital multimeter/Drivers/CMSIS/DSP/Lib/GCC/libarm_cortexM4lf_math.a(arm_rfft_fast_init_f32.o)
 .debug_line    0x0000000000006877      0x4f8 /Users/kieran/Documents/Cal Poly/2023 - Spring/CPE 316/proj2/digital multimeter/Drivers/CMSIS/DSP/Lib/GCC/libarm_cortexM4lf_math.a(arm_rfft_fast_f32.o)
 .debug_line    0x0000000000006d6f      0xf14 /Users/kieran/Documents/Cal Poly/2023 - Spring/CPE 316/proj2/digital multimeter/Drivers/CMSIS/DSP/Lib/GCC/libarm_cortexM4lf_math.a(arm_cfft_f32.o)
 .debug_line    0x0000000000007c83      0x353 /Users/kieran/Documents/Cal Poly/2023 - Spring/CPE 316/proj2/digital multimeter/Drivers/CMSIS/DSP/Lib/GCC/libarm_cortexM4lf_math.a(arm_bitreversal2.o)
 .debug_line    0x0000000000007fd6      0x243 /Users/kieran/Documents/Cal Poly/2023 - Spring/CPE 316/proj2/digital multimeter/Drivers/CMSIS/DSP/Lib/GCC/libarm_cortexM4lf_math.a(arm_common_tables.o)
 .debug_line    0x0000000000008219      0xcd7 /Users/kieran/Documents/Cal Poly/2023 - Spring/CPE 316/proj2/digital multimeter/Drivers/CMSIS/DSP/Lib/GCC/libarm_cortexM4lf_math.a(arm_cfft_radix8_f32.o)

.debug_str      0x0000000000000000    0xe329a
 .debug_str     0x0000000000000000    0xdc821 ./Core/Src/adc.o
                                      0xdcba7 (size before relaxing)
 .debug_str     0x00000000000dc821     0x4623 ./Core/Src/main.o
                                      0xe125a (size before relaxing)
 .debug_str     0x00000000000e0e44       0x33 ./Core/Src/stm32l4xx_hal_msp.o
                                      0xdc527 (size before relaxing)
 .debug_str     0x00000000000e0e77       0xc9 ./Core/Src/stm32l4xx_it.o
                                      0xdc460 (size before relaxing)
 .debug_str     0x00000000000e0f40       0xf2 ./Core/Src/system_stm32l4xx.o
                                      0xdc5c3 (size before relaxing)
 .debug_str     0x00000000000e1032       0x48 ./Core/Src/uart.o
                                      0xdcafa (size before relaxing)
 .debug_str     0x00000000000e107a       0x36 ./Core/Startup/startup_stm32l476rgtx.o
                                         0x8c (size before relaxing)
 .debug_str     0x00000000000e10b0      0x663 ./Drivers/STM32L4xx_HAL_Driver/Src/stm32l4xx_hal.o
                                      0xdd156 (size before relaxing)
 .debug_str     0x00000000000e1713      0x328 ./Drivers/STM32L4xx_HAL_Driver/Src/stm32l4xx_hal_cortex.o
                                      0xdce0a (size before relaxing)
 .debug_str     0x00000000000e1a3b      0x52a ./Drivers/STM32L4xx_HAL_Driver/Src/stm32l4xx_hal_pwr_ex.o
                                      0xdcb1e (size before relaxing)
 .debug_str     0x00000000000e1f65      0x3f0 ./Drivers/STM32L4xx_HAL_Driver/Src/stm32l4xx_hal_rcc.o
                                      0xdcc09 (size before relaxing)
 .debug_str     0x00000000000e2355      0xce8 /Users/kieran/Documents/Cal Poly/2023 - Spring/CPE 316/proj2/digital multimeter/Drivers/CMSIS/DSP/Lib/GCC/libarm_cortexM4lf_math.a(arm_rfft_fast_init_f32.o)
                                        0xf3b (size before relaxing)
 .debug_str     0x00000000000e303d       0x74 /Users/kieran/Documents/Cal Poly/2023 - Spring/CPE 316/proj2/digital multimeter/Drivers/CMSIS/DSP/Lib/GCC/libarm_cortexM4lf_math.a(arm_rfft_fast_f32.o)
                                        0x739 (size before relaxing)
 .debug_str     0x00000000000e30b1      0x113 /Users/kieran/Documents/Cal Poly/2023 - Spring/CPE 316/proj2/digital multimeter/Drivers/CMSIS/DSP/Lib/GCC/libarm_cortexM4lf_math.a(arm_cfft_f32.o)
                                        0xe7e (size before relaxing)
 .debug_str     0x00000000000e31c4       0x5b /Users/kieran/Documents/Cal Poly/2023 - Spring/CPE 316/proj2/digital multimeter/Drivers/CMSIS/DSP/Lib/GCC/libarm_cortexM4lf_math.a(arm_bitreversal2.o)
                                        0xd76 (size before relaxing)
 .debug_str     0x00000000000e321f       0x2e /Users/kieran/Documents/Cal Poly/2023 - Spring/CPE 316/proj2/digital multimeter/Drivers/CMSIS/DSP/Lib/GCC/libarm_cortexM4lf_math.a(arm_common_tables.o)
                                        0xd1d (size before relaxing)
 .debug_str     0x00000000000e324d       0x4d /Users/kieran/Documents/Cal Poly/2023 - Spring/CPE 316/proj2/digital multimeter/Drivers/CMSIS/DSP/Lib/GCC/libarm_cortexM4lf_math.a(arm_cfft_radix8_f32.o)
                                        0x69b (size before relaxing)

.comment        0x0000000000000000       0xc5
 .comment       0x0000000000000000       0x50 ./Core/Src/adc.o
                                         0x51 (size before relaxing)
 .comment       0x0000000000000050       0x51 ./Core/Src/main.o
 .comment       0x0000000000000050       0x51 ./Core/Src/stm32l4xx_hal_msp.o
 .comment       0x0000000000000050       0x51 ./Core/Src/stm32l4xx_it.o
 .comment       0x0000000000000050       0x51 ./Core/Src/system_stm32l4xx.o
 .comment       0x0000000000000050       0x51 ./Core/Src/uart.o
 .comment       0x0000000000000050       0x51 ./Drivers/STM32L4xx_HAL_Driver/Src/stm32l4xx_hal.o
 .comment       0x0000000000000050       0x51 ./Drivers/STM32L4xx_HAL_Driver/Src/stm32l4xx_hal_cortex.o
 .comment       0x0000000000000050       0x51 ./Drivers/STM32L4xx_HAL_Driver/Src/stm32l4xx_hal_pwr_ex.o
 .comment       0x0000000000000050       0x51 ./Drivers/STM32L4xx_HAL_Driver/Src/stm32l4xx_hal_rcc.o
 .comment       0x0000000000000050       0x75 /Users/kieran/Documents/Cal Poly/2023 - Spring/CPE 316/proj2/digital multimeter/Drivers/CMSIS/DSP/Lib/GCC/libarm_cortexM4lf_math.a(arm_rfft_fast_init_f32.o)
                                         0x76 (size before relaxing)
 .comment       0x00000000000000c5       0x76 /Users/kieran/Documents/Cal Poly/2023 - Spring/CPE 316/proj2/digital multimeter/Drivers/CMSIS/DSP/Lib/GCC/libarm_cortexM4lf_math.a(arm_rfft_fast_f32.o)
 .comment       0x00000000000000c5       0x76 /Users/kieran/Documents/Cal Poly/2023 - Spring/CPE 316/proj2/digital multimeter/Drivers/CMSIS/DSP/Lib/GCC/libarm_cortexM4lf_math.a(arm_cfft_f32.o)
 .comment       0x00000000000000c5       0x76 /Users/kieran/Documents/Cal Poly/2023 - Spring/CPE 316/proj2/digital multimeter/Drivers/CMSIS/DSP/Lib/GCC/libarm_cortexM4lf_math.a(arm_bitreversal2.o)
 .comment       0x00000000000000c5       0x76 /Users/kieran/Documents/Cal Poly/2023 - Spring/CPE 316/proj2/digital multimeter/Drivers/CMSIS/DSP/Lib/GCC/libarm_cortexM4lf_math.a(arm_common_tables.o)
 .comment       0x00000000000000c5       0x76 /Users/kieran/Documents/Cal Poly/2023 - Spring/CPE 316/proj2/digital multimeter/Drivers/CMSIS/DSP/Lib/GCC/libarm_cortexM4lf_math.a(arm_cfft_radix8_f32.o)

.debug_frame    0x0000000000000000     0x1b9c
 .debug_frame   0x0000000000000000       0x68 ./Core/Src/adc.o
 .debug_frame   0x0000000000000068      0x11c ./Core/Src/main.o
 .debug_frame   0x0000000000000184       0x38 ./Core/Src/stm32l4xx_hal_msp.o
 .debug_frame   0x00000000000001bc      0x104 ./Core/Src/stm32l4xx_it.o
 .debug_frame   0x00000000000002c0       0x58 ./Core/Src/system_stm32l4xx.o
 .debug_frame   0x0000000000000318       0xcc ./Core/Src/uart.o
 .debug_frame   0x00000000000003e4      0x498 ./Drivers/STM32L4xx_HAL_Driver/Src/stm32l4xx_hal.o
 .debug_frame   0x000000000000087c      0x498 ./Drivers/STM32L4xx_HAL_Driver/Src/stm32l4xx_hal_cortex.o
 .debug_frame   0x0000000000000d14      0x584 ./Drivers/STM32L4xx_HAL_Driver/Src/stm32l4xx_hal_pwr_ex.o
 .debug_frame   0x0000000000001298      0x21c ./Drivers/STM32L4xx_HAL_Driver/Src/stm32l4xx_hal_rcc.o
 .debug_frame   0x00000000000014b4      0x100 /Users/kieran/Documents/Cal Poly/2023 - Spring/CPE 316/proj2/digital multimeter/Drivers/CMSIS/DSP/Lib/GCC/libarm_cortexM4lf_math.a(arm_rfft_fast_init_f32.o)
 .debug_frame   0x00000000000015b4       0x7c /Users/kieran/Documents/Cal Poly/2023 - Spring/CPE 316/proj2/digital multimeter/Drivers/CMSIS/DSP/Lib/GCC/libarm_cortexM4lf_math.a(arm_rfft_fast_f32.o)
 .debug_frame   0x0000000000001630       0xfc /Users/kieran/Documents/Cal Poly/2023 - Spring/CPE 316/proj2/digital multimeter/Drivers/CMSIS/DSP/Lib/GCC/libarm_cortexM4lf_math.a(arm_cfft_f32.o)
 .debug_frame   0x000000000000172c       0x5c /Users/kieran/Documents/Cal Poly/2023 - Spring/CPE 316/proj2/digital multimeter/Drivers/CMSIS/DSP/Lib/GCC/libarm_cortexM4lf_math.a(arm_bitreversal2.o)
 .debug_frame   0x0000000000001788       0x94 /Users/kieran/Documents/Cal Poly/2023 - Spring/CPE 316/proj2/digital multimeter/Drivers/CMSIS/DSP/Lib/GCC/libarm_cortexM4lf_math.a(arm_cfft_radix8_f32.o)
 .debug_frame   0x000000000000181c       0x20 /Applications/STM32CubeIDE.app/Contents/Eclipse/plugins/com.st.stm32cube.ide.mcu.externaltools.gnu-tools-for-stm32.10.3-2021.10.macos64_1.0.200.202301161003/tools/bin/../lib/gcc/arm-none-eabi/10.3.1/../../../../arm-none-eabi/lib/thumb/v7e-m+fp/hard/libc_nano.a(lib_a-errno.o)
 .debug_frame   0x000000000000183c       0x2c /Applications/STM32CubeIDE.app/Contents/Eclipse/plugins/com.st.stm32cube.ide.mcu.externaltools.gnu-tools-for-stm32.10.3-2021.10.macos64_1.0.200.202301161003/tools/bin/../lib/gcc/arm-none-eabi/10.3.1/../../../../arm-none-eabi/lib/thumb/v7e-m+fp/hard/libc_nano.a(lib_a-init.o)
 .debug_frame   0x0000000000001868       0x20 /Applications/STM32CubeIDE.app/Contents/Eclipse/plugins/com.st.stm32cube.ide.mcu.externaltools.gnu-tools-for-stm32.10.3-2021.10.macos64_1.0.200.202301161003/tools/bin/../lib/gcc/arm-none-eabi/10.3.1/../../../../arm-none-eabi/lib/thumb/v7e-m+fp/hard/libc_nano.a(lib_a-memset.o)
 .debug_frame   0x0000000000001888       0x3c /Applications/STM32CubeIDE.app/Contents/Eclipse/plugins/com.st.stm32cube.ide.mcu.externaltools.gnu-tools-for-stm32.10.3-2021.10.macos64_1.0.200.202301161003/tools/bin/../lib/gcc/arm-none-eabi/10.3.1/../../../../arm-none-eabi/lib/thumb/v7e-m+fp/hard/libm.a(lib_a-w_sqrt.o)
 .debug_frame   0x00000000000018c4       0x30 /Applications/STM32CubeIDE.app/Contents/Eclipse/plugins/com.st.stm32cube.ide.mcu.externaltools.gnu-tools-for-stm32.10.3-2021.10.macos64_1.0.200.202301161003/tools/bin/../lib/gcc/arm-none-eabi/10.3.1/../../../../arm-none-eabi/lib/thumb/v7e-m+fp/hard/libm.a(lib_a-e_sqrt.o)
 .debug_frame   0x00000000000018f4       0xac /Applications/STM32CubeIDE.app/Contents/Eclipse/plugins/com.st.stm32cube.ide.mcu.externaltools.gnu-tools-for-stm32.10.3-2021.10.macos64_1.0.200.202301161003/tools/bin/../lib/gcc/arm-none-eabi/10.3.1/thumb/v7e-m+fp/hard/libgcc.a(_arm_addsubdf3.o)
 .debug_frame   0x00000000000019a0       0x50 /Applications/STM32CubeIDE.app/Contents/Eclipse/plugins/com.st.stm32cube.ide.mcu.externaltools.gnu-tools-for-stm32.10.3-2021.10.macos64_1.0.200.202301161003/tools/bin/../lib/gcc/arm-none-eabi/10.3.1/thumb/v7e-m+fp/hard/libgcc.a(_arm_muldivdf3.o)
 .debug_frame   0x00000000000019f0       0xc4 /Applications/STM32CubeIDE.app/Contents/Eclipse/plugins/com.st.stm32cube.ide.mcu.externaltools.gnu-tools-for-stm32.10.3-2021.10.macos64_1.0.200.202301161003/tools/bin/../lib/gcc/arm-none-eabi/10.3.1/thumb/v7e-m+fp/hard/libgcc.a(_arm_cmpdf2.o)
 .debug_frame   0x0000000000001ab4       0x20 /Applications/STM32CubeIDE.app/Contents/Eclipse/plugins/com.st.stm32cube.ide.mcu.externaltools.gnu-tools-for-stm32.10.3-2021.10.macos64_1.0.200.202301161003/tools/bin/../lib/gcc/arm-none-eabi/10.3.1/thumb/v7e-m+fp/hard/libgcc.a(_arm_unorddf2.o)
 .debug_frame   0x0000000000001ad4       0x24 /Applications/STM32CubeIDE.app/Contents/Eclipse/plugins/com.st.stm32cube.ide.mcu.externaltools.gnu-tools-for-stm32.10.3-2021.10.macos64_1.0.200.202301161003/tools/bin/../lib/gcc/arm-none-eabi/10.3.1/thumb/v7e-m+fp/hard/libgcc.a(_arm_fixunsdfsi.o)
 .debug_frame   0x0000000000001af8       0x44 /Applications/STM32CubeIDE.app/Contents/Eclipse/plugins/com.st.stm32cube.ide.mcu.externaltools.gnu-tools-for-stm32.10.3-2021.10.macos64_1.0.200.202301161003/tools/bin/../lib/gcc/arm-none-eabi/10.3.1/thumb/v7e-m+fp/hard/libgcc.a(_aeabi_ldivmod.o)
 .debug_frame   0x0000000000001b3c       0x2c /Applications/STM32CubeIDE.app/Contents/Eclipse/plugins/com.st.stm32cube.ide.mcu.externaltools.gnu-tools-for-stm32.10.3-2021.10.macos64_1.0.200.202301161003/tools/bin/../lib/gcc/arm-none-eabi/10.3.1/thumb/v7e-m+fp/hard/libgcc.a(_fixunssfdi.o)
 .debug_frame   0x0000000000001b68       0x34 /Applications/STM32CubeIDE.app/Contents/Eclipse/plugins/com.st.stm32cube.ide.mcu.externaltools.gnu-tools-for-stm32.10.3-2021.10.macos64_1.0.200.202301161003/tools/bin/../lib/gcc/arm-none-eabi/10.3.1/thumb/v7e-m+fp/hard/libgcc.a(_udivmoddi4.o)

.debug_loc      0x0000000000000000     0x2f41
 .debug_loc     0x0000000000000000      0x67f /Users/kieran/Documents/Cal Poly/2023 - Spring/CPE 316/proj2/digital multimeter/Drivers/CMSIS/DSP/Lib/GCC/libarm_cortexM4lf_math.a(arm_rfft_fast_init_f32.o)
 .debug_loc     0x000000000000067f      0x9d7 /Users/kieran/Documents/Cal Poly/2023 - Spring/CPE 316/proj2/digital multimeter/Drivers/CMSIS/DSP/Lib/GCC/libarm_cortexM4lf_math.a(arm_rfft_fast_f32.o)
 .debug_loc     0x0000000000001056     0x1449 /Users/kieran/Documents/Cal Poly/2023 - Spring/CPE 316/proj2/digital multimeter/Drivers/CMSIS/DSP/Lib/GCC/libarm_cortexM4lf_math.a(arm_cfft_f32.o)
 .debug_loc     0x000000000000249f      0x1b3 /Users/kieran/Documents/Cal Poly/2023 - Spring/CPE 316/proj2/digital multimeter/Drivers/CMSIS/DSP/Lib/GCC/libarm_cortexM4lf_math.a(arm_bitreversal2.o)
 .debug_loc     0x0000000000002652      0x8ef /Users/kieran/Documents/Cal Poly/2023 - Spring/CPE 316/proj2/digital multimeter/Drivers/CMSIS/DSP/Lib/GCC/libarm_cortexM4lf_math.a(arm_cfft_radix8_f32.o)
